Archive member included to satisfy reference by file (symbol)

libopencm3/lib\libopencm3_stm32f1.a(adc.o)
                              obj/anain.o (adc_power_on)
libopencm3/lib\libopencm3_stm32f1.a(adc_common_v1.o)
                              obj/anain.o (adc_power_off)
libopencm3/lib\libopencm3_stm32f1.a(can.o)
                              obj/stm32_can.o (can_reset)
libopencm3/lib\libopencm3_stm32f1.a(crc_common_all.o)
                              obj/hwinit.o (crc_reset)
libopencm3/lib\libopencm3_stm32f1.a(desig_common_v1.o)
                              obj/hwinit.o (desig_get_flash_size)
libopencm3/lib\libopencm3_stm32f1.a(dma_common_l1f013.o)
                              obj/terminal.o (dma_channel_reset)
libopencm3/lib\libopencm3_stm32f1.a(flash.o)
                              obj/hwinit.o (flash_erase_page)
libopencm3/lib\libopencm3_stm32f1.a(flash_common_all.o)
                              obj/canmap.o (flash_set_ws)
libopencm3/lib\libopencm3_stm32f1.a(flash_common_f.o)
                              obj/hwinit.o (flash_unlock)
libopencm3/lib\libopencm3_stm32f1.a(flash_common_f01.o)
                              libopencm3/lib\libopencm3_stm32f1.a(flash.o) (flash_clear_pgerr_flag)
libopencm3/lib\libopencm3_stm32f1.a(gpio.o)
                              obj/hwinit.o (gpio_set_mode)
libopencm3/lib\libopencm3_stm32f1.a(gpio_common_all.o)
                              obj/main.o (gpio_set)
libopencm3/lib\libopencm3_stm32f1.a(iwdg_common_all.o)
                              obj/main.o (iwdg_reset)
libopencm3/lib\libopencm3_stm32f1.a(rcc.o)
                              obj/stm32scheduler.o (rcc_apb2_frequency)
libopencm3/lib\libopencm3_stm32f1.a(rcc_common_all.o)
                              obj/hwinit.o (rcc_periph_clock_enable)
libopencm3/lib\libopencm3_stm32f1.a(rtc.o)
                              obj/main.o (rtc_get_counter_val)
libopencm3/lib\libopencm3_stm32f1.a(spi_common_all.o)
                              obj/hwinit.o (spi_reset)
libopencm3/lib\libopencm3_stm32f1.a(spi_common_v1.o)
                              obj/hwinit.o (spi_init_master)
libopencm3/lib\libopencm3_stm32f1.a(timer_common_all.o)
                              obj/stm32scheduler.o (timer_enable_irq)
libopencm3/lib\libopencm3_stm32f1.a(usart_common_all.o)
                              obj/terminal.o (usart_set_baudrate)
libopencm3/lib\libopencm3_stm32f1.a(usart_common_f124.o)
                              libopencm3/lib\libopencm3_stm32f1.a(usart_common_all.o) (usart_send)
libopencm3/lib\libopencm3_stm32f1.a(vector.o)
                              (reset_handler)
libopencm3/lib\libopencm3_stm32f1.a(scb.o)
                              obj/terminalcommands.o (scb_reset_system)
libopencm3/lib\libopencm3_stm32f1.a(nvic.o)
                              obj/hwinit.o (nvic_enable_irq)
libopencm3/lib\libopencm3_stm32f1.a(assert.o)
                              libopencm3/lib\libopencm3_stm32f1.a(rcc.o) (cm3_assert_failed)
libopencm3/lib\libopencm3_stm32f1.a(pwr_common_v1.o)
                              libopencm3/lib\libopencm3_stm32f1.a(rtc.o) (pwr_disable_backup_domain_write_protect)
C:/msys64/mingw64/bin/../lib/gcc/arm-none-eabi/13.3.0/thumb/v7/nofp\libgcc.a(_arm_mulsf3.o)
                              obj/params.o (__aeabi_fmul)
C:/msys64/mingw64/bin/../lib/gcc/arm-none-eabi/13.3.0/thumb/v7/nofp\libgcc.a(_arm_addsubsf3.o)
                              obj/canmap.o (__aeabi_fadd)
C:/msys64/mingw64/bin/../lib/gcc/arm-none-eabi/13.3.0/thumb/v7/nofp\libgcc.a(_arm_muldivsf3.o)
                              obj/main.o (__aeabi_fdiv)
C:/msys64/mingw64/bin/../lib/gcc/arm-none-eabi/13.3.0/thumb/v7/nofp\libgcc.a(_arm_fixsfsi.o)
                              obj/params.o (__aeabi_f2iz)
C:/msys64/mingw64/bin/../lib/gcc/arm-none-eabi/13.3.0/thumb/v7/nofp\libgcc.a(_arm_fixunssfsi.o)
                              obj/cansdo.o (__aeabi_f2uiz)

Discarded input sections

 .group         0x00000000        0x8 obj/main.o
 .group         0x00000000        0x8 obj/main.o
 .group         0x00000000        0xc obj/main.o
 .group         0x00000000        0xc obj/main.o
 .group         0x00000000        0xc obj/main.o
 .group         0x00000000        0xc obj/main.o
 .group         0x00000000        0xc obj/main.o
 .group         0x00000000        0xc obj/main.o
 .group         0x00000000        0xc obj/main.o
 .group         0x00000000        0xc obj/main.o
 .group         0x00000000        0xc obj/main.o
 .group         0x00000000        0xc obj/main.o
 .group         0x00000000        0xc obj/main.o
 .group         0x00000000        0xc obj/main.o
 .group         0x00000000        0xc obj/main.o
 .group         0x00000000        0xc obj/main.o
 .group         0x00000000        0xc obj/main.o
 .group         0x00000000        0xc obj/main.o
 .group         0x00000000        0xc obj/main.o
 .group         0x00000000        0xc obj/main.o
 .group         0x00000000        0xc obj/main.o
 .group         0x00000000        0xc obj/main.o
[...]
Memory Configuration

Name             Origin             Length             Attributes
rom              0x08001000         0x0001e000         xr
ram              0x20000000         0x00005000         xrw
*default*        0x00000000         0xffffffff

Linker script and memory map

LOAD obj/main.o
LOAD obj/hwinit.o
LOAD obj/stm32scheduler.o
LOAD obj/params.o
LOAD obj/terminal.o
LOAD obj/terminal_prj.o
LOAD obj/my_string.o
LOAD obj/digio.o
LOAD obj/sine_core.o
LOAD obj/my_fp.o
LOAD obj/printf.o
LOAD obj/anain.o
LOAD obj/param_save.o
LOAD obj/errormessage.o
LOAD obj/stm32_can.o
LOAD obj/canhardware.o
LOAD obj/canmap.o
LOAD obj/picontroller.o
LOAD obj/terminalcommands.o
LOAD obj/CAN_Common.o
LOAD obj/mag_snsor.o
LOAD obj/cansdo.o
LOAD libopencm3/lib\libopencm3_stm32f1.a
START GROUP
LOAD C:/msys64/mingw64/bin/../lib/gcc/arm-none-eabi/13.3.0/thumb/v7/nofp\libgcc.a
LOAD C:/msys64/mingw64/bin/../lib/gcc/arm-none-eabi/13.3.0/../../../../arm-none-eabi/lib/thumb/v7/nofp\libc.a
END GROUP

.text           0x08001000     0x5964
 *(.vectors)
 .vectors       0x08001000      0x150 libopencm3/lib\libopencm3_stm32f1.a(vector.o)
                0x08001000                vector_table
 *(.text*)
 .text._ZN23FunctionPointerCallback8HandleRxEmPmh
                0x08001150       0x10 obj/main.o
                0x08001150                FunctionPointerCallback::HandleRx(unsigned long, unsigned long*, unsigned char)
 .text._ZN23FunctionPointerCallback11HandleClearEv
                0x08001160        0x8 obj/main.o
                0x08001160                FunctionPointerCallback::HandleClear()
 .text._ZL9Ms100Taskv
                0x08001168       0xbc obj/main.o
 .text._ZL11CanCallbackmPmh
                0x08001224       0x16 obj/main.o
 *fill*         0x0800123a        0x2 
 .text._ZL11HandleClearv
                0x0800123c       0x18 obj/main.o
 .text.__cxa_pure_virtual
                0x08001254        0x2 obj/main.o
                0x08001254                __cxa_pure_virtual
 *fill*         0x08001256        0x2 
 .text._Z16PinIntializationv
                0x08001258       0xb0 obj/main.o
                0x08001258                PinIntialization()
 .text.Power_ON
                0x08001308      0x130 obj/main.o
                0x08001308                Power_ON
 .text.Set_LED  0x08001438       0xf8 obj/main.o
                0x08001438                Set_LED
 .text._ZL9Ms200Taskv
                0x08001530        0xc obj/main.o
 .text.M1_Locking
                0x0800153c      0x158 obj/main.o
                0x0800153c                M1_Locking
 .text._ZL8Ms10Taskv
                0x08001694       0x44 obj/main.o
 .text._ZN5Param6ChangeENS_9PARAM_NUME
                0x080016d8        0x2 obj/main.o
                0x080016d8                Param::Change(Param::PARAM_NUM)
 *fill*         0x080016da        0x2 
 .text.tim2_isr
                0x080016dc       0x10 obj/main.o
                0x080016dc                tim2_isr
 .text.main     0x080016ec      0x23c obj/main.o
                0x080016ec                main
 .text.clock_setup
                0x08001928       0x7c obj/hwinit.o
                0x08001928                clock_setup
 .text.write_bootloader_pininit
                0x080019a4       0x90 obj/hwinit.o
                0x080019a4                write_bootloader_pininit
 .text.nvic_setup
                0x08001a34       0x12 obj/hwinit.o
                0x08001a34                nvic_setup
 .text.rtc_setup
                0x08001a46       0x14 obj/hwinit.o
                0x08001a46                rtc_setup
 *fill*         0x08001a5a        0x2 
 .text.spi1_setup
                0x08001a5c       0x5c obj/hwinit.o
                0x08001a5c                spi1_setup
 .text._ZN14Stm32SchedulerC2Em
                0x08001ab8       0x44 obj/stm32scheduler.o
                0x08001ab8                Stm32Scheduler::Stm32Scheduler(unsigned long)
                0x08001ab8                Stm32Scheduler::Stm32Scheduler(unsigned long)
 .text._ZN14Stm32Scheduler7AddTaskEPFvvEt
                0x08001afc       0x6c obj/stm32scheduler.o
                0x08001afc                Stm32Scheduler::AddTask(void (*)(), unsigned short)
 .text._ZN14Stm32Scheduler3RunEv
                0x08001b68       0x70 obj/stm32scheduler.o
                0x08001b68                Stm32Scheduler::Run()
 .text._ZN14Stm32Scheduler10GetCpuLoadEv
                0x08001bd8       0x30 obj/stm32scheduler.o
                0x08001bd8                Stm32Scheduler::GetCpuLoad()
 .text._ZN5Param3SetENS_9PARAM_NUMEl
                0x08001c08       0x3c obj/params.o
                0x08001c08                Param::Set(Param::PARAM_NUM, long)
 .text._ZN5Param3GetENS_9PARAM_NUME
                0x08001c44        0xc obj/params.o
                0x08001c44                Param::Get(Param::PARAM_NUM)
 .text._ZN5Param6GetIntENS_9PARAM_NUME
                0x08001c50       0x10 obj/params.o
                0x08001c50                Param::GetInt(Param::PARAM_NUM)
 .text._ZN5Param6SetIntENS_9PARAM_NUMEi
                0x08001c60       0x10 obj/params.o
                0x08001c60                Param::SetInt(Param::PARAM_NUM, int)
 .text._ZN5Param8SetFixedENS_9PARAM_NUMEl
                0x08001c70        0xc obj/params.o
                0x08001c70                Param::SetFixed(Param::PARAM_NUM, long)
 .text._ZN5Param8SetFloatENS_9PARAM_NUMEf
                0x08001c7c       0x20 obj/params.o
                0x08001c7c                Param::SetFloat(Param::PARAM_NUM, float)
 .text._ZN5Param13NumFromStringEPKc
                0x08001c9c       0x28 obj/params.o
                0x08001c9c                Param::NumFromString(char const*)
 .text._ZN5Param9NumFromIdEm
                0x08001cc4       0x20 obj/params.o
                0x08001cc4                Param::NumFromId(unsigned long)
 .text._ZN5Param9GetAttribENS_9PARAM_NUME
                0x08001ce4       0x10 obj/params.o
                0x08001ce4                Param::GetAttrib(Param::PARAM_NUM)
 .text._ZN5Param12LoadDefaultsEv
                0x08001cf4       0x28 obj/params.o
                0x08001cf4                Param::LoadDefaults()
 .text._ZN5Param11SetFlagsRawENS_9PARAM_NUMEh
                0x08001d1c        0xc obj/params.o
                0x08001d1c                Param::SetFlagsRaw(Param::PARAM_NUM, unsigned char)
 .text._ZN5Param7SetFlagENS_9PARAM_NUMENS_10PARAM_FLAGE
                0x08001d28       0x10 obj/params.o
                0x08001d28                Param::SetFlag(Param::PARAM_NUM, Param::PARAM_FLAG)
 .text._ZN5Param9ClearFlagENS_9PARAM_NUMENS_10PARAM_FLAGE
                0x08001d38       0x10 obj/params.o
                0x08001d38                Param::ClearFlag(Param::PARAM_NUM, Param::PARAM_FLAG)
 .text._ZN5Param7GetFlagENS_9PARAM_NUME
                0x08001d48        0xc obj/params.o
                0x08001d48                Param::GetFlag(Param::PARAM_NUM)
 .text._ZN5Param7GetTypeENS_9PARAM_NUME
                0x08001d54       0x14 obj/params.o
                0x08001d54                Param::GetType(Param::PARAM_NUM)
 .text._ZN5Param8GetIdSumEv
                0x08001d68        0x6 obj/params.o
                0x08001d68                Param::GetIdSum()
 .text._ZN8Terminal10KeyPressedEv
                0x08001d6e        0xc obj/terminal.o
                0x08001d6e                Terminal::KeyPressed()
 .text._ZN8Terminal10FlushInputEv
                0x08001d7a        0xa obj/terminal.o
                0x08001d7a                Terminal::FlushInput()
 .text._ZN8Terminal8ResetDMAEv
                0x08001d84       0x34 obj/terminal.o
                0x08001d84                Terminal::ResetDMA()
 .text._ZN8TerminalC2EmPK8TERM_CMDb
                0x08001db8      0x154 obj/terminal.o
                0x08001db8                Terminal::Terminal(unsigned long, TERM_CMD const*, bool)
                0x08001db8                Terminal::Terminal(unsigned long, TERM_CMD const*, bool)
 .text._ZN8Terminal9CmdLookupEPc
                0x08001f0c       0x2a obj/terminal.o
                0x08001f0c                Terminal::CmdLookup(char*)
 .text._ZN8Terminal4SendEPKc
                0x08001f36       0x18 obj/terminal.o
                0x08001f36                Terminal::Send(char const*)
 *fill*         0x08001f4e        0x2 
 .text._ZN8Terminal10EnableUartEPc
                0x08001f50       0x70 obj/terminal.o
                0x08001f50                Terminal::EnableUart(char*)
 .text._ZN8Terminal8FastUartEPc
                0x08001fc0       0x78 obj/terminal.o
                0x08001fc0                Terminal::FastUart(char*)
 .text._ZN8Terminal3RunEv
                0x08002038      0x13c obj/terminal.o
                0x08002038                Terminal::Run()
 .text._ZN8Terminal17SendCurrentBufferEm
                0x08002174       0x82 obj/terminal.o
                0x08002174                Terminal::SendCurrentBuffer(unsigned long)
 .text._ZN8Terminal7PutCharEc
                0x080021f6       0x4c obj/terminal.o
                0x080021f6                Terminal::PutChar(char)
 *fill*         0x08002242        0x2 
 .text.putchar  0x08002244       0x18 obj/terminal.o
                0x08002244                putchar
 .text._ZL4HelpP8TerminalPc
                0x0800225c        0x2 obj/terminal_prj.o
 .text._ZL11PrintErrorsP8TerminalPc
                0x0800225e        0x8 obj/terminal_prj.o
 *fill*         0x08002266        0x2 
 .text._ZL11PrintSerialP8TerminalPc
                0x08002268       0x28 obj/terminal_prj.o
 .text._ZL12LoadDefaultsP8TerminalPc
                0x08002290       0x18 obj/terminal_prj.o
 .text._ZN16TerminalCommands15PrintParamsJsonEP8TerminalPc
                0x080022a8        0x8 obj/terminal_prj.o
                0x080022a8                TerminalCommands::PrintParamsJson(Terminal*, char*)
 .text.my_strcmp
                0x080022b0       0x1c obj/my_string.o
                0x080022b0                my_strcmp
 .text.my_strcpy
                0x080022cc       0x12 obj/my_string.o
                0x080022cc                my_strcpy
 .text.my_strlen
                0x080022de        0xe obj/my_string.o
                0x080022de                my_strlen
 .text.my_strchr
                0x080022ec       0x10 obj/my_string.o
                0x080022ec                my_strchr
 .text.my_ltoa  0x080022fc       0x56 obj/my_string.o
                0x080022fc                my_ltoa
 .text.my_atoi  0x08002352       0x30 obj/my_string.o
                0x08002352                my_atoi
 *fill*         0x08002382        0x2 
 .text.my_trim  0x08002384       0x54 obj/my_string.o
                0x08002384                my_trim
 .text.memcpy32
                0x080023d8       0x16 obj/my_string.o
                0x080023d8                memcpy32
 .text.memset32
                0x080023ee        0xc obj/my_string.o
                0x080023ee                memset32
 .text._ZN5DigIo9ConfigureEmtN7PinMode7PinModeE
                0x080023fa       0x6a obj/digio.o
                0x080023fa                DigIo::Configure(unsigned long, unsigned short, PinMode::PinMode)
 .text._Z41__static_initialization_and_destruction_0v
                0x08002464       0x10 obj/sine_core.o
 .text._GLOBAL__sub_I__ZN8SineCore8minPulseE
                0x08002474        0x8 obj/sine_core.o
 .text.fp_itoa  0x0800247c       0x5a obj/my_fp.o
                0x0800247c                fp_itoa
 .text.fp_atoi  0x080024d6       0x62 obj/my_fp.o
                0x080024d6                fp_atoi
 .text._ZL6printsP8IPutCharPKcii
                0x08002538       0x86 obj/printf.o
 .text._ZL6printiP8IPutChariiiiii
                0x080025be       0xae obj/printf.o
 .text._ZN13ExternPutChar7PutCharEc
                0x0800266c        0xa obj/printf.o
                0x0800266c                ExternPutChar::PutChar(char)
 .text._ZL7printfpP8IPutChariii
                0x08002676       0x20 obj/printf.o
 *fill*         0x08002696        0x2 
 .text._ZL5printP8IPutCharPKcSt9__va_list
                0x08002698      0x16c obj/printf.o
 .text._Z6printfPKcz
                0x08002804       0x28 obj/printf.o
                0x08002804                printf(char const*, ...)
 .text._Z7fprintfP8IPutCharPKcz
                0x0800282c       0x1c obj/printf.o
                0x0800282c                fprintf(IPutChar*, char const*, ...)
 .text._Z41__static_initialization_and_destruction_0v
                0x08002848       0x24 obj/anain.o
 .text._ZN5AnaIn5StartEv
                0x0800286c       0xc4 obj/anain.o
                0x0800286c                AnaIn::Start()
 .text._ZN5AnaIn7median3Eiii
                0x08002930       0x24 obj/anain.o
                0x08002930                AnaIn::median3(int, int, int)
 .text._ZN5AnaIn3GetEv
                0x08002954       0x44 obj/anain.o
                0x08002954                AnaIn::Get()
 .text._ZN5AnaIn13AdcChFromPortEmi
                0x08002998       0x44 obj/anain.o
                0x08002998                AnaIn::AdcChFromPort(unsigned long, int)
 .text._ZN5AnaIn9ConfigureEmh
                0x080029dc       0x38 obj/anain.o
                0x080029dc                AnaIn::Configure(unsigned long, unsigned char)
 .text._GLOBAL__sub_I__ZN5AnaIn13channel_arrayE
                0x08002a14        0x8 obj/anain.o
 .text._ZL15GetFlashAddressv
                0x08002a1c       0x12 obj/param_save.o
 .text.parm_save
                0x08002a2e       0xb6 obj/param_save.o
                0x08002a2e                parm_save
 .text.parm_load
                0x08002ae4       0x5c obj/param_save.o
                0x08002ae4                parm_load
 .text._ZN12ErrorMessage7SetTimeEm
                0x08002b40        0xc obj/errormessage.o
                0x08002b40                ErrorMessage::SetTime(unsigned long)
 .text._ZN12ErrorMessage10PrintErrorEm17ERROR_MESSAGE_NUM
                0x08002b4c       0x2c obj/errormessage.o
                0x08002b4c                ErrorMessage::PrintError(unsigned long, ERROR_MESSAGE_NUM)
 .text._ZN12ErrorMessage14PrintAllErrorsEv
                0x08002b78       0x3c obj/errormessage.o
                0x08002b78                ErrorMessage::PrintAllErrors()
 .text._ZN8Stm32Can11SetBaudrateEN11CanHardware9baudratesE
                0x08002bb4       0x48 obj/stm32_can.o
                0x08002bb4                Stm32Can::SetBaudrate(CanHardware::baudrates)
 .text._ZN8Stm32Can4SendEmPmh
                0x08002bfc       0x78 obj/stm32_can.o
                0x08002bfc                Stm32Can::Send(unsigned long, unsigned long*, unsigned char)
 .text._ZN8Stm32Can12GetInterfaceEi
                0x08002c74       0x14 obj/stm32_can.o
                0x08002c74                Stm32Can::GetInterface(int)
 .text._ZN8Stm32Can13HandleMessageEi
                0x08002c88       0x54 obj/stm32_can.o
                0x08002c88                Stm32Can::HandleMessage(int)
 .text._ZN8Stm32Can8HandleTxEv
                0x08002cdc       0x64 obj/stm32_can.o
                0x08002cdc                Stm32Can::HandleTx()
 .text._ZN8Stm32Can13SetFilterBankERiS0_Pt
                0x08002d40       0x56 obj/stm32_can.o
                0x08002d40                Stm32Can::SetFilterBank(int&, int&, unsigned short*)
 .text._ZN8Stm32Can17SetFilterBankMaskERiS0_Pt
                0x08002d96       0x5a obj/stm32_can.o
                0x08002d96                Stm32Can::SetFilterBankMask(int&, int&, unsigned short*)
 .text._ZN8Stm32Can15SetFilterBank29ERiS0_Pm
                0x08002df0       0x38 obj/stm32_can.o
                0x08002df0                Stm32Can::SetFilterBank29(int&, int&, unsigned long*)
 .text._ZN8Stm32Can16ConfigureFiltersEv
                0x08002e28      0x130 obj/stm32_can.o
                0x08002e28                Stm32Can::ConfigureFilters()
 .text._ZN8Stm32CanC2EmN11CanHardware9baudratesEb
                0x08002f58      0x174 obj/stm32_can.o
                0x08002f58                Stm32Can::Stm32Can(unsigned long, CanHardware::baudrates, bool)
                0x08002f58                Stm32Can::Stm32Can(unsigned long, CanHardware::baudrates, bool)
 .text.usb_lp_can_rx0_isr
                0x080030cc       0x10 obj/stm32_can.o
                0x080030cc                usb_lp_can_rx0_isr
 .text.can_rx1_isr
                0x080030dc       0x10 obj/stm32_can.o
                0x080030dc                can_rx1_isr
 .text.usb_hp_can_tx_isr
                0x080030ec        0xe obj/stm32_can.o
                0x080030ec                usb_hp_can_tx_isr
 .text.can2_rx0_isr
                0x080030fa       0x10 obj/stm32_can.o
                0x080030fa                can2_rx0_isr
 .text.can2_rx1_isr
                0x0800310a       0x10 obj/stm32_can.o
                0x0800310a                can2_rx1_isr
 .text.can2_tx_isr
                0x0800311a        0xe obj/stm32_can.o
                0x0800311a                can2_tx_isr
 .text._ZN12NullCallback8HandleRxEmPmh
                0x08003128        0x4 obj/canhardware.o
                0x08003128                NullCallback::HandleRx(unsigned long, unsigned long*, unsigned char)
 .text._ZN12NullCallback11HandleClearEv
                0x0800312c        0x2 obj/canhardware.o
                0x0800312c                NullCallback::HandleClear()
 *fill*         0x0800312e        0x2 
 .text._ZN11CanHardwareC2Ev
                0x08003130       0x2c obj/canhardware.o
                0x08003130                CanHardware::CanHardware()
                0x08003130                CanHardware::CanHardware()
 .text._ZN11CanHardware11AddCallbackEP11CanCallback
                0x0800315c       0x1e obj/canhardware.o
                0x0800315c                CanHardware::AddCallback(CanCallback*)
 .text._ZN11CanHardware19RegisterUserMessageEmm
                0x0800317a       0x46 obj/canhardware.o
                0x0800317a                CanHardware::RegisterUserMessage(unsigned long, unsigned long)
 .text._ZN11CanHardware17ClearUserMessagesEv
                0x080031c0       0x2c obj/canhardware.o
                0x080031c0                CanHardware::ClearUserMessages()
 .text._ZN11CanHardware8HandleRxEmPmh
                0x080031ec       0x38 obj/canhardware.o
                0x080031ec                CanHardware::HandleRx(unsigned long, unsigned long*, unsigned char)
 .text._ZN6CanMap11HandleClearEv
                0x08003224       0x26 obj/canmap.o
                0x08003224                CanMap::HandleClear()
 .text._ZN6CanMap6RemoveEbhh
                0x0800324a       0x9e obj/canmap.o
                0x0800324a                CanMap::Remove(bool, unsigned char, unsigned char)
 .text._ZN6CanMap6RemoveEN5Param9PARAM_NUME
                0x080032e8       0x80 obj/canmap.o
                0x080032e8                CanMap::Remove(Param::PARAM_NUM)
 .text._ZN6CanMap7FindMapEN5Param9PARAM_NUMERmRhRaRfS4_Rb
                0x08003368       0x8a obj/canmap.o
                0x08003368                CanMap::FindMap(Param::PARAM_NUM, unsigned long&, unsigned char&, signed char&, float&, signed char&, bool&)
 .text._ZN6CanMap6GetMapEbhhRm
                0x080033f2       0x58 obj/canmap.o
                0x080033f2                CanMap::GetMap(bool, unsigned char, unsigned char, unsigned long&)
 .text._ZN6CanMap13IterateCanMapEPFvN5Param9PARAM_NUMEmhafabE
                0x0800344a       0x6e obj/canmap.o
                0x0800344a                CanMap::IterateCanMap(void (*)(Param::PARAM_NUM, unsigned long, unsigned char, signed char, float, signed char, bool))
 .text._ZN6CanMap8ClearMapEPNS_8CANIDMAPE
                0x080034b8       0x30 obj/canmap.o
                0x080034b8                CanMap::ClearMap(CanMap::CANIDMAP*)
 .text._ZN6CanMap5ClearEv
                0x080034e8       0x1e obj/canmap.o
                0x080034e8                CanMap::Clear()
 .text._ZN6CanMap11SaveToFlashEmPmi
                0x08003506       0x30 obj/canmap.o
                0x08003506                CanMap::SaveToFlash(unsigned long, unsigned long*, int)
 .text._ZN6CanMap8FindByIdEPNS_8CANIDMAPEm
                0x08003536       0x22 obj/canmap.o
                0x08003536                CanMap::FindById(CanMap::CANIDMAP*, unsigned long)
 .text._ZN6CanMap8HandleRxEmPmh
                0x08003558      0x13c obj/canmap.o
                0x08003558                CanMap::HandleRx(unsigned long, unsigned long*, unsigned char)
 .text._ZN6CanMap3AddEPNS_8CANIDMAPEN5Param9PARAM_NUMEmhafa
                0x08003694       0xfc obj/canmap.o
                0x08003694                CanMap::Add(CanMap::CANIDMAP*, Param::PARAM_NUM, unsigned long, unsigned char, signed char, float, signed char)
 .text._ZN6CanMap7AddSendEN5Param9PARAM_NUMEmhafa
                0x08003790       0x26 obj/canmap.o
                0x08003790                CanMap::AddSend(Param::PARAM_NUM, unsigned long, unsigned char, signed char, float, signed char)
 .text._ZN6CanMap7AddRecvEN5Param9PARAM_NUMEmhafa
                0x080037b6       0x38 obj/canmap.o
                0x080037b6                CanMap::AddRecv(Param::PARAM_NUM, unsigned long, unsigned char, signed char, float, signed char)
 .text._ZZN6CanMap19LegacyLoadFromFlashEvENKUlPZNS_19LegacyLoadFromFlashEvE15LEGACY_CANIDMAPPNS_8CANIDMAPEbE_clES1_S3_b
                0x080037ee       0x9e obj/canmap.o
 .text._ZN6CanMap15GetFlashAddressEv
                0x0800388c       0x12 obj/canmap.o
                0x0800388c                CanMap::GetFlashAddress()
 .text._ZN6CanMap19LegacyLoadFromFlashEv
                0x0800389e       0x4a obj/canmap.o
                0x0800389e                CanMap::LegacyLoadFromFlash()
 .text._ZN6CanMap21ReplaceParamEnumByUidEPNS_8CANIDMAPE
                0x080038e8       0x42 obj/canmap.o
                0x080038e8                CanMap::ReplaceParamEnumByUid(CanMap::CANIDMAP*)
 .text._ZN6CanMap21ReplaceParamUidByEnumEPNS_8CANIDMAPE
                0x0800392a       0x40 obj/canmap.o
                0x0800392a                CanMap::ReplaceParamUidByEnum(CanMap::CANIDMAP*)
 *fill*         0x0800396a        0x2 
 .text._ZN6CanMap4SaveEv
                0x0800396c       0xbc obj/canmap.o
                0x0800396c                CanMap::Save()
 .text._ZN6CanMap13LoadFromFlashEv
                0x08003a28       0x66 obj/canmap.o
                0x08003a28                CanMap::LoadFromFlash()
 *fill*         0x08003a8e        0x2 
 .text._ZN6CanMapC2EP11CanHardware
                0x08003a90       0x44 obj/canmap.o
                0x08003a90                CanMap::CanMap(CanHardware*)
                0x08003a90                CanMap::CanMap(CanHardware*)
 .text._ZN16TerminalCommands11PrintCanMapEN5Param9PARAM_NUMEmhafab
                0x08003ad4       0x80 obj/terminalcommands.o
                0x08003ad4                TerminalCommands::PrintCanMap(Param::PARAM_NUM, unsigned long, unsigned char, signed char, float, signed char, bool)
 .text._ZN16TerminalCommands8ParamSetEP8TerminalPc
                0x08003b54       0x70 obj/terminalcommands.o
                0x08003b54                TerminalCommands::ParamSet(Terminal*, char*)
 .text._ZN16TerminalCommands8ParamGetEP8TerminalPc
                0x08003bc4       0x58 obj/terminalcommands.o
                0x08003bc4                TerminalCommands::ParamGet(Terminal*, char*)
 .text._ZN16TerminalCommands9ParamFlagEP8TerminalPc
                0x08003c1c       0xa4 obj/terminalcommands.o
                0x08003c1c                TerminalCommands::ParamFlag(Terminal*, char*)
 .text._ZN16TerminalCommands15PrintParamsJsonEP8IPutCharPc
                0x08003cc0      0x158 obj/terminalcommands.o
                0x08003cc0                TerminalCommands::PrintParamsJson(IPutChar*, char*)
 .text._ZN16TerminalCommands6MapCanEP8TerminalPc
                0x08003e18      0x21c obj/terminalcommands.o
                0x08003e18                TerminalCommands::MapCan(Terminal*, char*)
 .text._ZN16TerminalCommands14SaveParametersEP8TerminalPc
                0x08004034       0x4c obj/terminalcommands.o
                0x08004034                TerminalCommands::SaveParameters(Terminal*, char*)
 .text._ZN16TerminalCommands14LoadParametersEP8TerminalPc
                0x08004080       0x30 obj/terminalcommands.o
                0x08004080                TerminalCommands::LoadParameters(Terminal*, char*)
 .text._ZN16TerminalCommands5ResetEP8TerminalPc
                0x080040b0        0x6 obj/terminalcommands.o
                0x080040b0                TerminalCommands::Reset(Terminal*, char*)
 .text._ZN16TerminalCommands19ParamNamesToIndexesEPcPN5Param9PARAM_NUMEm
                0x080040b6       0x48 obj/terminalcommands.o
                0x080040b6                TerminalCommands::ParamNamesToIndexes(char*, Param::PARAM_NUM*, unsigned long)
 *fill*         0x080040fe        0x2 
 .text._ZN16TerminalCommands11ParamStreamEP8TerminalPc
                0x08004100       0xb0 obj/terminalcommands.o
                0x08004100                TerminalCommands::ParamStream(Terminal*, char*)
 .text._ZN10CAN_Common6SetCanEP11CanHardware
                0x080041b0        0xc obj/CAN_Common.o
                0x080041b0                CAN_Common::SetCan(CanHardware*)
 .text._ZN10CAN_Common9HandleCanEPm
                0x080041bc        0x2 obj/CAN_Common.o
                0x080041bc                CAN_Common::HandleCan(unsigned long*)
 *fill*         0x080041be        0x2 
 .text._ZN8MagAngle13ReadMag1AngleEv
                0x080041c0       0xe8 obj/mag_snsor.o
                0x080041c0                MagAngle::ReadMag1Angle()
 .text._ZN6CanSdo7PutCharEc
                0x080042a8       0x1c obj/cansdo.o
                0x080042a8                CanSdo::PutChar(char)
 .text._ZThn4_N6CanSdo7PutCharEc
                0x080042c4        0x8 obj/cansdo.o
                0x080042c4                non-virtual thunk to CanSdo::PutChar(char)
 .text._ZN6CanSdo11HandleClearEv
                0x080042cc       0x28 obj/cansdo.o
                0x080042cc                CanSdo::HandleClear()
 .text._ZN6CanSdoC2EP11CanHardwareP6CanMap
                0x080042f4       0x48 obj/cansdo.o
                0x080042f4                CanSdo::CanSdo(CanHardware*, CanMap*)
                0x080042f4                CanSdo::CanSdo(CanHardware*, CanMap*)
 .text._ZN6CanSdo9SetNodeIdEh
                0x0800433c        0xc obj/cansdo.o
                0x0800433c                CanSdo::SetNodeId(unsigned char)
 .text._ZN6CanSdo24ProcessSpecialSDOObjectsEPNS_7CAN_SDOE
                0x08004348      0x124 obj/cansdo.o
                0x08004348                CanSdo::ProcessSpecialSDOObjects(CanSdo::CAN_SDO*)
 .text._ZN6CanSdo18ReadOrDeleteCanMapEPNS_7CAN_SDOE
                0x0800446c       0xdc obj/cansdo.o
                0x0800446c                CanSdo::ReadOrDeleteCanMap(CanSdo::CAN_SDO*)
 .text._ZN6CanSdo9AddCanMapEPNS_7CAN_SDOEb
                0x08004548       0xe8 obj/cansdo.o
                0x08004548                CanSdo::AddCanMap(CanSdo::CAN_SDO*, bool)
 .text._ZN6CanSdo10ProcessSDOEPm
                0x08004630      0x12e obj/cansdo.o
                0x08004630                CanSdo::ProcessSDO(unsigned long*)
 .text._ZN6CanSdo8HandleRxEmPmh
                0x0800475e       0x3c obj/cansdo.o
                0x0800475e                CanSdo::HandleRx(unsigned long, unsigned long*, unsigned char)
 .text.adc_power_on
                0x0800479a       0x10 libopencm3/lib\libopencm3_stm32f1.a(adc.o)
                0x0800479a                adc_power_on
 .text.adc_start_conversion_direct
                0x080047aa       0x10 libopencm3/lib\libopencm3_stm32f1.a(adc.o)
                0x080047aa                adc_start_conversion_direct
 *fill*         0x080047ba        0x2 
 .text.adc_enable_temperature_sensor
                0x080047bc       0x14 libopencm3/lib\libopencm3_stm32f1.a(adc.o)
                0x080047bc                adc_enable_temperature_sensor
 .text.adc_reset_calibration
                0x080047d0       0x14 libopencm3/lib\libopencm3_stm32f1.a(adc.o)
                0x080047d0                adc_reset_calibration
 .text.adc_calibrate_async
                0x080047e4        0xa libopencm3/lib\libopencm3_stm32f1.a(adc.o)
                0x080047e4                adc_calibrate_async
 .text.adc_is_calibrating
                0x080047ee        0x8 libopencm3/lib\libopencm3_stm32f1.a(adc.o)
                0x080047ee                adc_is_calibrating
 .text.adc_calibrate
                0x080047f6       0x14 libopencm3/lib\libopencm3_stm32f1.a(adc.o)
                0x080047f6                adc_calibrate
 .text.adc_set_sample_time_on_all_channels
                0x0800480a       0x2a libopencm3/lib\libopencm3_stm32f1.a(adc.o)
                0x0800480a                adc_set_sample_time_on_all_channels
 .text.adc_power_off
                0x08004834        0xa libopencm3/lib\libopencm3_stm32f1.a(adc_common_v1.o)
                0x08004834                adc_power_off
 .text.adc_enable_scan_mode
                0x0800483e        0xa libopencm3/lib\libopencm3_stm32f1.a(adc_common_v1.o)
                0x0800483e                adc_enable_scan_mode
 .text.adc_set_right_aligned
                0x08004848        0xa libopencm3/lib\libopencm3_stm32f1.a(adc_common_v1.o)
                0x08004848                adc_set_right_aligned
 .text.adc_set_continuous_conversion_mode
                0x08004852        0xa libopencm3/lib\libopencm3_stm32f1.a(adc_common_v1.o)
                0x08004852                adc_set_continuous_conversion_mode
 .text.adc_set_regular_sequence
                0x0800485c       0x5c libopencm3/lib\libopencm3_stm32f1.a(adc_common_v1.o)
                0x0800485c                adc_set_regular_sequence
 .text.adc_enable_dma
                0x080048b8        0xa libopencm3/lib\libopencm3_stm32f1.a(adc_common_v1.o)
                0x080048b8                adc_enable_dma
 *fill*         0x080048c2        0x2 
 .text.can_reset
                0x080048c4       0x18 libopencm3/lib\libopencm3_stm32f1.a(can.o)
                0x080048c4                can_reset
 .text.can_init
                0x080048dc      0x12a libopencm3/lib\libopencm3_stm32f1.a(can.o)
                0x080048dc                can_init
 *fill*         0x08004a06        0x2 
 .text.can_filter_init
                0x08004a08       0x98 libopencm3/lib\libopencm3_stm32f1.a(can.o)
                0x08004a08                can_filter_init
 .text.can_filter_id_mask_16bit_init
                0x08004aa0       0x20 libopencm3/lib\libopencm3_stm32f1.a(can.o)
                0x08004aa0                can_filter_id_mask_16bit_init
 .text.can_filter_id_list_16bit_init
                0x08004ac0       0x20 libopencm3/lib\libopencm3_stm32f1.a(can.o)
                0x08004ac0                can_filter_id_list_16bit_init
 .text.can_filter_id_list_32bit_init
                0x08004ae0       0x1a libopencm3/lib\libopencm3_stm32f1.a(can.o)
                0x08004ae0                can_filter_id_list_32bit_init
 .text.can_enable_irq
                0x08004afa        0x8 libopencm3/lib\libopencm3_stm32f1.a(can.o)
                0x08004afa                can_enable_irq
 .text.can_disable_irq
                0x08004b02        0xa libopencm3/lib\libopencm3_stm32f1.a(can.o)
                0x08004b02                can_disable_irq
 .text.can_transmit
                0x08004b0c       0xca libopencm3/lib\libopencm3_stm32f1.a(can.o)
                0x08004b0c                can_transmit
 .text.can_fifo_release
                0x08004bd6       0x16 libopencm3/lib\libopencm3_stm32f1.a(can.o)
                0x08004bd6                can_fifo_release
 .text.can_fifo_pending
                0x08004bec        0xe libopencm3/lib\libopencm3_stm32f1.a(can.o)
                0x08004bec                can_fifo_pending
 .text.can_receive
                0x08004bfa       0xb8 libopencm3/lib\libopencm3_stm32f1.a(can.o)
                0x08004bfa                can_receive
 *fill*         0x08004cb2        0x2 
 .text.crc_reset
                0x08004cb4       0x10 libopencm3/lib\libopencm3_stm32f1.a(crc_common_all.o)
                0x08004cb4                crc_reset
 .text.crc_calculate
                0x08004cc4        0xc libopencm3/lib\libopencm3_stm32f1.a(crc_common_all.o)
                0x08004cc4                crc_calculate
 .text.crc_calculate_block
                0x08004cd0       0x1c libopencm3/lib\libopencm3_stm32f1.a(crc_common_all.o)
                0x08004cd0                crc_calculate_block
 .text.desig_get_flash_size
                0x08004cec        0xc libopencm3/lib\libopencm3_stm32f1.a(desig_common_v1.o)
                0x08004cec                desig_get_flash_size
 .text.dma_channel_reset
                0x08004cf8       0x20 libopencm3/lib\libopencm3_stm32f1.a(dma_common_l1f013.o)
                0x08004cf8                dma_channel_reset
 .text.dma_clear_interrupt_flags
                0x08004d18        0xa libopencm3/lib\libopencm3_stm32f1.a(dma_common_l1f013.o)
                0x08004d18                dma_clear_interrupt_flags
 .text.dma_get_interrupt_flag
                0x08004d22       0x12 libopencm3/lib\libopencm3_stm32f1.a(dma_common_l1f013.o)
                0x08004d22                dma_get_interrupt_flag
 .text.dma_set_memory_size
                0x08004d34       0x18 libopencm3/lib\libopencm3_stm32f1.a(dma_common_l1f013.o)
                0x08004d34                dma_set_memory_size
 .text.dma_set_peripheral_size
                0x08004d4c       0x18 libopencm3/lib\libopencm3_stm32f1.a(dma_common_l1f013.o)
                0x08004d4c                dma_set_peripheral_size
 .text.dma_enable_memory_increment_mode
                0x08004d64       0x12 libopencm3/lib\libopencm3_stm32f1.a(dma_common_l1f013.o)
                0x08004d64                dma_enable_memory_increment_mode
 .text.dma_enable_circular_mode
                0x08004d76       0x1a libopencm3/lib\libopencm3_stm32f1.a(dma_common_l1f013.o)
                0x08004d76                dma_enable_circular_mode
 .text.dma_set_read_from_memory
                0x08004d90       0x12 libopencm3/lib\libopencm3_stm32f1.a(dma_common_l1f013.o)
                0x08004d90                dma_set_read_from_memory
 .text.dma_enable_channel
                0x08004da2       0x12 libopencm3/lib\libopencm3_stm32f1.a(dma_common_l1f013.o)
                0x08004da2                dma_enable_channel
 .text.dma_disable_channel
                0x08004db4       0x12 libopencm3/lib\libopencm3_stm32f1.a(dma_common_l1f013.o)
                0x08004db4                dma_disable_channel
 .text.dma_set_peripheral_address
                0x08004dc6       0x12 libopencm3/lib\libopencm3_stm32f1.a(dma_common_l1f013.o)
                0x08004dc6                dma_set_peripheral_address
 .text.dma_set_memory_address
                0x08004dd8       0x12 libopencm3/lib\libopencm3_stm32f1.a(dma_common_l1f013.o)
                0x08004dd8                dma_set_memory_address
 .text.dma_get_number_of_data
                0x08004dea        0xe libopencm3/lib\libopencm3_stm32f1.a(dma_common_l1f013.o)
                0x08004dea                dma_get_number_of_data
 .text.dma_set_number_of_data
                0x08004df8        0xc libopencm3/lib\libopencm3_stm32f1.a(dma_common_l1f013.o)
                0x08004df8                dma_set_number_of_data
 .text.flash_get_status_flags
                0x08004e04       0x20 libopencm3/lib\libopencm3_stm32f1.a(flash.o)
                0x08004e04                flash_get_status_flags
 .text.flash_program_half_word
                0x08004e24       0x74 libopencm3/lib\libopencm3_stm32f1.a(flash.o)
                0x08004e24                flash_program_half_word
 .text.flash_erase_page
                0x08004e98       0x80 libopencm3/lib\libopencm3_stm32f1.a(flash.o)
                0x08004e98                flash_erase_page
 .text.flash_set_ws
                0x08004f18       0x14 libopencm3/lib\libopencm3_stm32f1.a(flash_common_all.o)
                0x08004f18                flash_set_ws
 .text.flash_unlock
                0x08004f2c       0x18 libopencm3/lib\libopencm3_stm32f1.a(flash_common_f.o)
                0x08004f2c                flash_unlock
 .text.flash_lock
                0x08004f44       0x10 libopencm3/lib\libopencm3_stm32f1.a(flash_common_f.o)
                0x08004f44                flash_lock
 .text.flash_wait_for_last_operation
                0x08004f54        0xc libopencm3/lib\libopencm3_stm32f1.a(flash_common_f01.o)
                0x08004f54                flash_wait_for_last_operation
 .text.flash_program_word
                0x08004f60       0x18 libopencm3/lib\libopencm3_stm32f1.a(flash_common_f01.o)
                0x08004f60                flash_program_word
 .text.gpio_set_mode
                0x08004f78       0x6a libopencm3/lib\libopencm3_stm32f1.a(gpio.o)
                0x08004f78                gpio_set_mode
 *fill*         0x08004fe2        0x2 
 .text.gpio_primary_remap
                0x08004fe4       0x14 libopencm3/lib\libopencm3_stm32f1.a(gpio.o)
                0x08004fe4                gpio_primary_remap
 .text.gpio_set
                0x08004ff8        0x4 libopencm3/lib\libopencm3_stm32f1.a(gpio_common_all.o)
                0x08004ff8                gpio_set
 .text.gpio_clear
                0x08004ffc        0x6 libopencm3/lib\libopencm3_stm32f1.a(gpio_common_all.o)
                0x08004ffc                gpio_clear
 .text.gpio_toggle
                0x08005002       0x12 libopencm3/lib\libopencm3_stm32f1.a(gpio_common_all.o)
                0x08005002                gpio_toggle
 .text.iwdg_reset
                0x08005014       0x10 libopencm3/lib\libopencm3_stm32f1.a(iwdg_common_all.o)
                0x08005014                iwdg_reset
 .text.rcc_is_osc_ready
                0x08005024       0x58 libopencm3/lib\libopencm3_stm32f1.a(rcc.o)
                0x08005024                rcc_is_osc_ready
 .text.rcc_wait_for_osc_ready
                0x0800507c       0x10 libopencm3/lib\libopencm3_stm32f1.a(rcc.o)
                0x0800507c                rcc_wait_for_osc_ready
 .text.rcc_osc_on
                0x0800508c       0x60 libopencm3/lib\libopencm3_stm32f1.a(rcc.o)
                0x0800508c                rcc_osc_on
 .text.rcc_set_sysclk_source
                0x080050ec       0x14 libopencm3/lib\libopencm3_stm32f1.a(rcc.o)
                0x080050ec                rcc_set_sysclk_source
 .text.rcc_set_pll_multiplication_factor
                0x08005100       0x14 libopencm3/lib\libopencm3_stm32f1.a(rcc.o)
                0x08005100                rcc_set_pll_multiplication_factor
 .text.rcc_set_pll2_multiplication_factor
                0x08005114       0x14 libopencm3/lib\libopencm3_stm32f1.a(rcc.o)
                0x08005114                rcc_set_pll2_multiplication_factor
 .text.rcc_set_pll3_multiplication_factor
                0x08005128       0x14 libopencm3/lib\libopencm3_stm32f1.a(rcc.o)
                0x08005128                rcc_set_pll3_multiplication_factor
 .text.rcc_set_pll_source
                0x0800513c       0x14 libopencm3/lib\libopencm3_stm32f1.a(rcc.o)
                0x0800513c                rcc_set_pll_source
 .text.rcc_set_pllxtpre
                0x08005150       0x14 libopencm3/lib\libopencm3_stm32f1.a(rcc.o)
                0x08005150                rcc_set_pllxtpre
 .text.rcc_rtc_clock_enabled_flag
                0x08005164       0x10 libopencm3/lib\libopencm3_stm32f1.a(rcc.o)
                0x08005164                rcc_rtc_clock_enabled_flag
 .text.rcc_enable_rtc_clock
                0x08005174       0x10 libopencm3/lib\libopencm3_stm32f1.a(rcc.o)
                0x08005174                rcc_enable_rtc_clock
 .text.rcc_set_rtc_clock_source
                0x08005184       0x84 libopencm3/lib\libopencm3_stm32f1.a(rcc.o)
                0x08005184                rcc_set_rtc_clock_source
 .text.rcc_set_adcpre
                0x08005208       0x14 libopencm3/lib\libopencm3_stm32f1.a(rcc.o)
                0x08005208                rcc_set_adcpre
 .text.rcc_set_ppre2
                0x0800521c       0x14 libopencm3/lib\libopencm3_stm32f1.a(rcc.o)
                0x0800521c                rcc_set_ppre2
 .text.rcc_set_ppre1
                0x08005230       0x14 libopencm3/lib\libopencm3_stm32f1.a(rcc.o)
                0x08005230                rcc_set_ppre1
 .text.rcc_set_hpre
                0x08005244       0x14 libopencm3/lib\libopencm3_stm32f1.a(rcc.o)
                0x08005244                rcc_set_hpre
 .text.rcc_set_usbpre
                0x08005258       0x18 libopencm3/lib\libopencm3_stm32f1.a(rcc.o)
                0x08005258                rcc_set_usbpre
 .text.rcc_set_prediv1
                0x08005270       0x14 libopencm3/lib\libopencm3_stm32f1.a(rcc.o)
                0x08005270                rcc_set_prediv1
 .text.rcc_set_prediv2
                0x08005284       0x14 libopencm3/lib\libopencm3_stm32f1.a(rcc.o)
                0x08005284                rcc_set_prediv2
 .text.rcc_set_prediv1_source
                0x08005298       0x18 libopencm3/lib\libopencm3_stm32f1.a(rcc.o)
                0x08005298                rcc_set_prediv1_source
 .text.rcc_clock_setup_pll
                0x080052b0       0xbc libopencm3/lib\libopencm3_stm32f1.a(rcc.o)
                0x080052b0                rcc_clock_setup_pll
 .text.rcc_periph_clock_enable
                0x0800536c       0x1a libopencm3/lib\libopencm3_stm32f1.a(rcc_common_all.o)
                0x0800536c                rcc_periph_clock_enable
 .text.rcc_periph_reset_pulse
                0x08005386       0x22 libopencm3/lib\libopencm3_stm32f1.a(rcc_common_all.o)
                0x08005386                rcc_periph_reset_pulse
 .text.rtc_enter_config_mode
                0x080053a8       0x1c libopencm3/lib\libopencm3_stm32f1.a(rtc.o)
                0x080053a8                rtc_enter_config_mode
 .text.rtc_exit_config_mode
                0x080053c4       0x1c libopencm3/lib\libopencm3_stm32f1.a(rtc.o)
                0x080053c4                rtc_exit_config_mode
 .text.rtc_awake_from_off
                0x080053e0       0x6c libopencm3/lib\libopencm3_stm32f1.a(rtc.o)
                0x080053e0                rtc_awake_from_off
 .text.rtc_set_prescale_val
                0x0800544c       0x24 libopencm3/lib\libopencm3_stm32f1.a(rtc.o)
                0x0800544c                rtc_set_prescale_val
 .text.rtc_get_counter_val
                0x08005470       0x14 libopencm3/lib\libopencm3_stm32f1.a(rtc.o)
                0x08005470                rtc_get_counter_val
 .text.rtc_set_counter_val
                0x08005484       0x20 libopencm3/lib\libopencm3_stm32f1.a(rtc.o)
                0x08005484                rtc_set_counter_val
 .text.rtc_awake_from_standby
                0x080054a4       0x3c libopencm3/lib\libopencm3_stm32f1.a(rtc.o)
                0x080054a4                rtc_awake_from_standby
 .text.rtc_auto_awake
                0x080054e0       0x34 libopencm3/lib\libopencm3_stm32f1.a(rtc.o)
                0x080054e0                rtc_auto_awake
 .text.spi_reset
                0x08005514       0x30 libopencm3/lib\libopencm3_stm32f1.a(spi_common_all.o)
                0x08005514                spi_reset
 .text.spi_enable
                0x08005544        0xa libopencm3/lib\libopencm3_stm32f1.a(spi_common_all.o)
                0x08005544                spi_enable
 .text.spi_xfer
                0x0800554e        0xe libopencm3/lib\libopencm3_stm32f1.a(spi_common_all.o)
                0x0800554e                spi_xfer
 .text.spi_enable_software_slave_management
                0x0800555c       0x12 libopencm3/lib\libopencm3_stm32f1.a(spi_common_all.o)
                0x0800555c                spi_enable_software_slave_management
 .text.spi_set_nss_high
                0x0800556e        0xa libopencm3/lib\libopencm3_stm32f1.a(spi_common_all.o)
                0x0800556e                spi_set_nss_high
 .text.spi_set_standard_mode
                0x08005578       0x10 libopencm3/lib\libopencm3_stm32f1.a(spi_common_all.o)
                0x08005578                spi_set_standard_mode
 .text.spi_init_master
                0x08005588       0x28 libopencm3/lib\libopencm3_stm32f1.a(spi_common_v1.o)
                0x08005588                spi_init_master
 .text.timer_enable_irq
                0x080055b0        0x8 libopencm3/lib\libopencm3_stm32f1.a(timer_common_all.o)
                0x080055b0                timer_enable_irq
 .text.timer_get_flag
                0x080055b8        0xc libopencm3/lib\libopencm3_stm32f1.a(timer_common_all.o)
                0x080055b8                timer_get_flag
 .text.timer_clear_flag
                0x080055c4        0x6 libopencm3/lib\libopencm3_stm32f1.a(timer_common_all.o)
                0x080055c4                timer_clear_flag
 .text.timer_enable_preload
                0x080055ca        0xa libopencm3/lib\libopencm3_stm32f1.a(timer_common_all.o)
                0x080055ca                timer_enable_preload
 .text.timer_direction_up
                0x080055d4        0xa libopencm3/lib\libopencm3_stm32f1.a(timer_common_all.o)
                0x080055d4                timer_direction_up
 .text.timer_enable_counter
                0x080055de        0xa libopencm3/lib\libopencm3_stm32f1.a(timer_common_all.o)
                0x080055de                timer_enable_counter
 .text.timer_disable_counter
                0x080055e8        0xa libopencm3/lib\libopencm3_stm32f1.a(timer_common_all.o)
                0x080055e8                timer_disable_counter
 .text.timer_set_prescaler
                0x080055f2        0x4 libopencm3/lib\libopencm3_stm32f1.a(timer_common_all.o)
                0x080055f2                timer_set_prescaler
 .text.timer_set_period
                0x080055f6        0x4 libopencm3/lib\libopencm3_stm32f1.a(timer_common_all.o)
                0x080055f6                timer_set_period
 .text.timer_set_oc_mode
                0x080055fa      0x18c libopencm3/lib\libopencm3_stm32f1.a(timer_common_all.o)
                0x080055fa                timer_set_oc_mode
 .text.timer_set_oc_value
                0x08005786       0x20 libopencm3/lib\libopencm3_stm32f1.a(timer_common_all.o)
                0x08005786                timer_set_oc_value
 .text.timer_get_counter
                0x080057a6        0x4 libopencm3/lib\libopencm3_stm32f1.a(timer_common_all.o)
                0x080057a6                timer_get_counter
 .text.timer_set_counter
                0x080057aa        0x4 libopencm3/lib\libopencm3_stm32f1.a(timer_common_all.o)
                0x080057aa                timer_set_counter
 *fill*         0x080057ae        0x2 
 .text.usart_set_baudrate
                0x080057b0       0x28 libopencm3/lib\libopencm3_stm32f1.a(usart_common_all.o)
                0x080057b0                usart_set_baudrate
 .text.usart_set_databits
                0x080057d8       0x12 libopencm3/lib\libopencm3_stm32f1.a(usart_common_all.o)
                0x080057d8                usart_set_databits
 .text.usart_set_stopbits
                0x080057ea        0xc libopencm3/lib\libopencm3_stm32f1.a(usart_common_all.o)
                0x080057ea                usart_set_stopbits
 .text.usart_set_parity
                0x080057f6        0xc libopencm3/lib\libopencm3_stm32f1.a(usart_common_all.o)
                0x080057f6                usart_set_parity
 .text.usart_set_mode
                0x08005802        0xc libopencm3/lib\libopencm3_stm32f1.a(usart_common_all.o)
                0x08005802                usart_set_mode
 .text.usart_set_flow_control
                0x0800580e        0xc libopencm3/lib\libopencm3_stm32f1.a(usart_common_all.o)
                0x0800580e                usart_set_flow_control
 .text.usart_enable
                0x0800581a        0xa libopencm3/lib\libopencm3_stm32f1.a(usart_common_all.o)
                0x0800581a                usart_enable
 .text.usart_send_blocking
                0x08005824       0x16 libopencm3/lib\libopencm3_stm32f1.a(usart_common_all.o)
                0x08005824                usart_send_blocking
 .text.usart_enable_rx_dma
                0x0800583a        0xa libopencm3/lib\libopencm3_stm32f1.a(usart_common_all.o)
                0x0800583a                usart_enable_rx_dma
 .text.usart_enable_tx_dma
                0x08005844        0xa libopencm3/lib\libopencm3_stm32f1.a(usart_common_all.o)
                0x08005844                usart_enable_tx_dma
 .text.usart_send
                0x0800584e        0x8 libopencm3/lib\libopencm3_stm32f1.a(usart_common_f124.o)
                0x0800584e                usart_send
 .text.usart_recv
                0x08005856        0x8 libopencm3/lib\libopencm3_stm32f1.a(usart_common_f124.o)
                0x08005856                usart_recv
 .text.usart_wait_send_ready
                0x0800585e        0x8 libopencm3/lib\libopencm3_stm32f1.a(usart_common_f124.o)
                0x0800585e                usart_wait_send_ready
 .text.usart_get_flag
                0x08005866        0xc libopencm3/lib\libopencm3_stm32f1.a(usart_common_f124.o)
                0x08005866                usart_get_flag
 .text.blocking_handler
                0x08005872        0x2 libopencm3/lib\libopencm3_stm32f1.a(vector.o)
                0x08005872                usart3_isr
                0x08005872                rtc_isr
                0x08005872                tim7_isr
                0x08005872                adc1_2_isr
                0x08005872                tim1_trg_com_isr
                0x08005872                tim6_isr
                0x08005872                usb_wakeup_isr
                0x08005872                blocking_handler
                0x08005872                tim5_isr
                0x08005872                otg_fs_isr
                0x08005872                spi1_isr
                0x08005872                exti2_isr
                0x08005872                dma1_channel6_isr
                0x08005872                dma1_channel5_isr
                0x08005872                dma2_channel5_isr
                0x08005872                usart1_isr
                0x08005872                usage_fault_handler
                0x08005872                tim8_trg_com_isr
                0x08005872                tim1_brk_isr
                0x08005872                tim1_cc_isr
                0x08005872                sdio_isr
                0x08005872                eth_isr
                0x08005872                dma1_channel4_isr
                0x08005872                tim8_brk_isr
                0x08005872                dma2_channel4_5_isr
                0x08005872                pvd_isr
                0x08005872                rcc_isr
                0x08005872                flash_isr
                0x08005872                uart4_isr
                0x08005872                rtc_alarm_isr
                0x08005872                exti15_10_isr
                0x08005872                hard_fault_handler
                0x08005872                exti1_isr
                0x08005872                i2c1_ev_isr
                0x08005872                dma2_channel1_isr
                0x08005872                spi2_isr
                0x08005872                tim8_up_isr
                0x08005872                dma2_channel2_isr
                0x08005872                exti3_isr
                0x08005872                adc3_isr
                0x08005872                tim3_isr
                0x08005872                usart2_isr
                0x08005872                i2c2_er_isr
                0x08005872                i2c2_ev_isr
                0x08005872                uart5_isr
                0x08005872                fsmc_isr
                0x08005872                dma1_channel1_isr
                0x08005872                exti4_isr
                0x08005872                mem_manage_handler
                0x08005872                exti9_5_isr
                0x08005872                dma2_channel3_isr
                0x08005872                dma1_channel7_isr
                0x08005872                tim1_up_isr
                0x08005872                can2_sce_isr
                0x08005872                tim4_isr
                0x08005872                dma1_channel2_isr
                0x08005872                i2c1_er_isr
                0x08005872                can_sce_isr
                0x08005872                tim8_cc_isr
                0x08005872                tamper_isr
                0x08005872                eth_wkup_isr
                0x08005872                bus_fault_handler
                0x08005872                wwdg_isr
                0x08005872                dma1_channel3_isr
                0x08005872                spi3_isr
                0x08005872                exti0_isr
 .text.null_handler
                0x08005874        0x2 libopencm3/lib\libopencm3_stm32f1.a(vector.o)
                0x08005874                sv_call_handler
                0x08005874                pend_sv_handler
                0x08005874                debug_monitor_handler
                0x08005874                sys_tick_handler
                0x08005874                nmi_handler
                0x08005874                null_handler
 *fill*         0x08005876        0x2 
 .text.reset_handler
                0x08005878       0x94 libopencm3/lib\libopencm3_stm32f1.a(vector.o)
                0x08005878                reset_handler
 .text.scb_reset_system
                0x0800590c       0x10 libopencm3/lib\libopencm3_stm32f1.a(scb.o)
                0x0800590c                scb_reset_system
 .text.nvic_enable_irq
                0x0800591c       0x18 libopencm3/lib\libopencm3_stm32f1.a(nvic.o)
                0x0800591c                nvic_enable_irq
 .text.nvic_set_priority
                0x08005934       0x20 libopencm3/lib\libopencm3_stm32f1.a(nvic.o)
                0x08005934                nvic_set_priority
 .text.pwr_disable_backup_domain_write_protect
                0x08005954       0x10 libopencm3/lib\libopencm3_stm32f1.a(pwr_common_v1.o)
                0x08005954                pwr_disable_backup_domain_write_protect
 .text          0x08005964      0x21c C:/msys64/mingw64/bin/../lib/gcc/arm-none-eabi/13.3.0/thumb/v7/nofp\libgcc.a(_arm_addsubsf3.o)
                0x08005964                __aeabi_frsub
                0x0800596c                __subsf3
                0x0800596c                __aeabi_fsub
                0x08005970                __aeabi_fadd
                0x08005970                __addsf3
                0x08005ad0                __aeabi_ui2f
                0x08005ad0                __floatunsisf
                0x08005ad8                __aeabi_i2f
                0x08005ad8                __floatsisf
                0x08005af4                __aeabi_ul2f
                0x08005af4                __floatundisf
                0x08005b04                __aeabi_l2f
                0x08005b04                __floatdisf
 .text          0x08005b80      0x2a0 C:/msys64/mingw64/bin/../lib/gcc/arm-none-eabi/13.3.0/thumb/v7/nofp\libgcc.a(_arm_muldivsf3.o)
                0x08005b80                __mulsf3
                0x08005b80                __aeabi_fmul
                0x08005ce8                __aeabi_fdiv
                0x08005ce8                __divsf3
 .text          0x08005e20       0x4c C:/msys64/mingw64/bin/../lib/gcc/arm-none-eabi/13.3.0/thumb/v7/nofp\libgcc.a(_arm_fixsfsi.o)
                0x08005e20                __aeabi_f2iz
                0x08005e20                __fixsfsi
 .text          0x08005e6c       0x40 C:/msys64/mingw64/bin/../lib/gcc/arm-none-eabi/13.3.0/thumb/v7/nofp\libgcc.a(_arm_fixunssfsi.o)
                0x08005e6c                __fixunssfsi
                0x08005e6c                __aeabi_f2uiz
                0x08005eac                        . = ALIGN (0x4)
 *(.rodata*)
 .rodata._ZTV11CanCallback
                0x08005eac       0x10 obj/main.o
                0x08005eac                vtable for CanCallback
 .rodata._ZTV23FunctionPointerCallback
                0x08005ebc       0x10 obj/main.o
                0x08005ebc                vtable for FunctionPointerCallback
 .rodata._ZN14Stm32Scheduler5ocMapE
                0x08005ecc        0x4 obj/stm32scheduler.o
                0x08005ecc                Stm32Scheduler::ocMap
 .rodata.str1.4
                0x08005ed0      0x641 obj/params.o
                                0x12a (size before relaxing)
 *fill*         0x08006511        0x3 
 .rodata._ZN5ParamL7attribsE
                0x08006514      0x1f8 obj/params.o
 .rodata._ZN8Terminal10EnableUartEPc.str1.4
                0x0800670c        0x5 obj/terminal.o
 .rodata._ZN8Terminal8FastUartEPc.str1.4
                0x0800670c       0x13 obj/terminal.o
 .rodata._ZN8Terminal3RunEv.str1.4
                0x0800670c       0x33 obj/terminal.o
 .rodata._ZTV8IPutChar
                0x0800670c        0xc obj/terminal.o
                0x0800670c                vtable for IPutChar
 .rodata._ZTV8Terminal
                0x08006718        0xc obj/terminal.o
                0x08006718                vtable for Terminal
 .rodata._ZN8Terminal6hwInfoE
                0x08006724       0x70 obj/terminal.o
                0x08006724                Terminal::hwInfo
 .rodata._ZL11PrintSerialP8TerminalPc.str1.4
                0x08006794       0x11 obj/terminal_prj.o
 .rodata._ZL12LoadDefaultsP8TerminalPc.str1.4
                0x08006794       0x12 obj/terminal_prj.o
 .rodata.str1.4
                0x08006794       0x5f obj/terminal_prj.o
 .rodata.termCmds
                0x08006794       0x70 obj/terminal_prj.o
                0x08006794                termCmds
 .rodata._ZL5printP8IPutCharPKcSt9__va_list.str1.4
                0x08006804        0x7 obj/printf.o
 .rodata._ZTV13ExternPutChar
                0x08006804        0xc obj/printf.o
                0x08006804                vtable for ExternPutChar
 .rodata._ZN12ErrorMessage10PrintErrorEm17ERROR_MESSAGE_NUM.str1.4
                0x08006810       0x10 obj/errormessage.o
 .rodata._ZN12ErrorMessage14PrintAllErrorsEv.str1.4
                0x08006810        0xc obj/errormessage.o
 .rodata.str1.4
                0x08006810       0x3e obj/errormessage.o
 .rodata._ZL5types
                0x08006810        0xc obj/errormessage.o
 .rodata._ZL16errorDescriptors
                0x0800681c       0x10 obj/errormessage.o
 .rodata._ZTV8Stm32Can
                0x0800682c       0x14 obj/stm32_can.o
                0x0800682c                vtable for Stm32Can
 .rodata._ZL8canSpeed
                0x08006840       0x3c obj/stm32_can.o
 .rodata        0x0800687c        0x8 obj/stm32_can.o
 .rodata._ZTV11CanHardware
                0x08006884       0x14 obj/canhardware.o
                0x08006884                vtable for CanHardware
 .rodata._ZTV12NullCallback
                0x08006898       0x10 obj/canhardware.o
                0x08006898                vtable for NullCallback
 .rodata._ZTV6CanMap
                0x080068a8       0x10 obj/canmap.o
                0x080068a8                vtable for CanMap
 .rodata._ZN16TerminalCommands11PrintCanMapEN5Param9PARAM_NUMEmhafab.str1.4
                0x080068b8       0x24 obj/terminalcommands.o
 .rodata._ZN16TerminalCommands8ParamSetEP8TerminalPc.str1.4
                0x080068b8       0x57 obj/terminalcommands.o
 .rodata._ZN16TerminalCommands8ParamGetEP8TerminalPc.str1.4
                0x080068b8       0x22 obj/terminalcommands.o
 .rodata._ZN16TerminalCommands9ParamFlagEP8TerminalPc.str1.4
                0x080068b8       0x39 obj/terminalcommands.o
 .rodata._ZN16TerminalCommands15PrintParamsJsonEP8IPutCharPc.str1.4
                0x080068b8      0x13a obj/terminalcommands.o
 .rodata._ZN16TerminalCommands6MapCanEP8TerminalPc.str1.4
                0x080068b8      0x116 obj/terminalcommands.o
 .rodata._ZN16TerminalCommands14SaveParametersEP8TerminalPc.str1.4
                0x080068b8       0x6f obj/terminalcommands.o
 .rodata._ZN16TerminalCommands14LoadParametersEP8TerminalPc.str1.4
                0x080068b8       0x2a obj/terminalcommands.o
 .rodata._ZN16TerminalCommands11ParamStreamEP8TerminalPc.str1.4
                0x080068b8       0x2f obj/terminalcommands.o
 .rodata._ZTV6CanSdo
                0x080068b8       0x20 obj/cansdo.o
                0x080068b8                vtable for CanSdo
 .rodata.rcc_hse_configs
                0x080068d8       0x8c libopencm3/lib\libopencm3_stm32f1.a(rcc.o)
                0x080068d8                rcc_hse_configs
                0x080069f4                        . = ALIGN (0x4)

.glue_7         0x08006964        0x0
 .glue_7        0x08006964        0x0 linker stubs

.glue_7t        0x08006964        0x0
 .glue_7t       0x08006964        0x0 linker stubs

.vfp11_veneer   0x08006964        0x0
 .vfp11_veneer  0x08006964        0x0 linker stubs

.v4_bx          0x08006964        0x0
 .v4_bx         0x08006964        0x0 linker stubs

.iplt           0x08006964        0x0
 .iplt          0x08006964        0x0 obj/main.o

.rel.dyn        0x08006964        0x0
 .rel.iplt      0x08006964        0x0 obj/main.o

.preinit_array  0x08006964        0x0
                0x08006964                        . = ALIGN (0x4)
                0x08006964                        __preinit_array_start = .
 *(.preinit_array)
                0x08006964                        __preinit_array_end = .

.init_array     0x08006964        0x8
                0x08006964                        . = ALIGN (0x4)
                0x08006964                        __init_array_start = .
 *(SORT_BY_NAME(.init_array.*))
 *(.init_array)
 .init_array    0x08006964        0x4 obj/sine_core.o
 .init_array    0x08006968        0x4 obj/anain.o
                0x0800696c                        __init_array_end = .

.fini_array     0x0800696c        0x0
                0x0800696c                        . = ALIGN (0x4)
                0x0800696c                        __fini_array_start = .
 *(.fini_array)
 *(SORT_BY_NAME(.fini_array.*))
                0x0800696c                        __fini_array_end = .

.ARM.extab
 *(.ARM.extab*)

.ARM.exidx      0x0800696c        0x0
                0x0800696c                        __exidx_start = .
 *(.ARM.exidx*)
                0x0800696c                        __exidx_end = .
                0x0800696c                        . = ALIGN (0x4)
                0x0800696c                        _etext = .

.noinit
 *(.noinit*)
                0x0800696c                        . = ALIGN (0x4)

.data           0x20000000       0x80 load address 0x0800696c
                0x20000000                        _data = .
 *(.data*)
 .data.uauxGain
                0x20000000        0x4 obj/main.o
                0x20000000                uauxGain
 .data._ZN5ParamL6valuesE
                0x20000004       0x48 obj/params.o
 .data.errorBuffer
                0x2000004c       0x20 obj/errormessage.o
                0x2000004c                errorBuffer
 .data._ZL12nullCallback
                0x2000006c        0x4 obj/canhardware.o
 .data._ZN16TerminalCommands11saveEnabledE
                0x20000070        0x1 obj/terminalcommands.o
                0x20000070                TerminalCommands::saveEnabled
 *fill*         0x20000071        0x3 
 .data.rcc_ahb_frequency
                0x20000074        0x4 libopencm3/lib\libopencm3_stm32f1.a(rcc.o)
                0x20000074                rcc_ahb_frequency
 .data.rcc_apb2_frequency
                0x20000078        0x4 libopencm3/lib\libopencm3_stm32f1.a(rcc.o)
                0x20000078                rcc_apb2_frequency
 .data.rcc_apb1_frequency
                0x2000007c        0x4 libopencm3/lib\libopencm3_stm32f1.a(rcc.o)
                0x2000007c                rcc_apb1_frequency
 *(.ramtext*)
                0x20000080                        . = ALIGN (0x4)
                0x20000080                        _edata = .
                0x0800696c                        _data_loadaddr = LOADADDR (.data)

.igot.plt       0x20000080        0x0 load address 0x080069ec
 .igot.plt      0x20000080        0x0 obj/main.o

.bss            0x20000080      0x12c load address 0x080069ec
 *(.bss*)
 .bss.PON_counter
                0x20000080        0x4 obj/main.o
                0x20000080                PON_counter
 .bss.lock_counter
                0x20000084        0x4 obj/main.o
                0x20000084                lock_counter
 .bss.Lock2     0x20000088        0x4 obj/main.o
                0x20000088                Lock2
 .bss.Lock1     0x2000008c        0x4 obj/main.o
                0x2000008c                Lock1
 .bss._ZL6canMap
                0x20000090        0x4 obj/main.o
 .bss._ZL3can   0x20000094        0x4 obj/main.o
 .bss._ZL9scheduler
                0x20000098        0x4 obj/main.o
 .bss._ZN5ParamL5flagsE
                0x2000009c       0x12 obj/params.o
 *fill*         0x200000ae        0x2 
 .bss._ZN8Terminal15defaultTerminalE
                0x200000b0        0x4 obj/terminal.o
                0x200000b0                Terminal::defaultTerminal
 .bss._ZN5DigIo3CS2E
                0x200000b4        0x8 obj/digio.o
                0x200000b4                DigIo::CS2
 .bss._ZN5DigIo3CS1E
                0x200000bc        0x8 obj/digio.o
                0x200000bc                DigIo::CS1
 .bss._ZN5DigIo6M2_CCWE
                0x200000c4        0x8 obj/digio.o
                0x200000c4                DigIo::M2_CCW
 .bss._ZN5DigIo5M2_CWE
                0x200000cc        0x8 obj/digio.o
                0x200000cc                DigIo::M2_CW
 .bss._ZN5DigIo6M1_CCWE
                0x200000d4        0x8 obj/digio.o
                0x200000d4                DigIo::M1_CCW
 .bss._ZN5DigIo5M1_CWE
                0x200000dc        0x8 obj/digio.o
                0x200000dc                DigIo::M1_CW
 .bss._ZN5DigIo8BkLT_LEDE
                0x200000e4        0x8 obj/digio.o
                0x200000e4                DigIo::BkLT_LED
 .bss._ZN5DigIo5D_LEDE
                0x200000ec        0x8 obj/digio.o
                0x200000ec                DigIo::D_LED
 .bss._ZN5DigIo5N_LEDE
                0x200000f4        0x8 obj/digio.o
                0x200000f4                DigIo::N_LED
 .bss._ZN5DigIo5R_LEDE
                0x200000fc        0x8 obj/digio.o
                0x200000fc                DigIo::R_LED
 .bss._ZN5DigIo5P_LEDE
                0x20000104        0x8 obj/digio.o
                0x20000104                DigIo::P_LED
 .bss._ZN5DigIo7led_outE
                0x2000010c        0x8 obj/digio.o
                0x2000010c                DigIo::led_out
 .bss._ZN8SineCore11ZERO_OFFSETE
                0x20000114        0x2 obj/sine_core.o
                0x20000114                SineCore::ZERO_OFFSET
 *fill*         0x20000116        0x2 
 .bss._ZN5AnaIn5Lock2E
                0x20000118        0x4 obj/anain.o
                0x20000118                AnaIn::Lock2
 .bss._ZN5AnaIn5Lock1E
                0x2000011c        0x4 obj/anain.o
                0x2000011c                AnaIn::Lock1
 .bss._ZN5AnaIn6VsenseE
                0x20000120        0x4 obj/anain.o
                0x20000120                AnaIn::Vsense
 .bss._ZN5AnaIn6valuesE
                0x20000124       0x48 obj/anain.o
                0x20000124                AnaIn::values
 .bss._ZN5AnaIn13channel_arrayE
                0x2000016c        0x3 obj/anain.o
                0x2000016c                AnaIn::channel_array
 *fill*         0x2000016f        0x1 
 .bss._ZN12ErrorMessage8timeTickE
                0x20000170        0x4 obj/errormessage.o
                0x20000170                ErrorMessage::timeTick
 .bss._ZN8Stm32Can10interfacesE
                0x20000174        0x8 obj/stm32_can.o
                0x20000174                Stm32Can::interfaces
 .bss._ZN6CanMap8isSavingE
                0x2000017c        0x1 obj/canmap.o
                0x2000017c                CanMap::isSaving
 *fill*         0x2000017d        0x3 
 .bss._ZN16TerminalCommands6canMapE
                0x20000180        0x4 obj/terminalcommands.o
                0x20000180                TerminalCommands::canMap
 .bss._ZL7curTerm
                0x20000184        0x4 obj/terminalcommands.o
 .bss._ZL1c     0x20000188        0x4 obj/CAN_Common.o
 .bss.u16_angle_lsb
                0x2000018c        0x2 obj/mag_snsor.o
                0x2000018c                u16_angle_lsb
 *fill*         0x2000018e        0x2 
 .bss.f32_angle_degrees
                0x20000190        0x4 obj/mag_snsor.o
                0x20000190                f32_angle_degrees
 .bss.NOP_msg   0x20000194        0x8 obj/mag_snsor.o
                0x20000194                NOP_msg
 .bss.GET1_msg  0x2000019c        0x8 obj/mag_snsor.o
                0x2000019c                GET1_msg
 .bss.received_data
                0x200001a4        0x8 obj/mag_snsor.o
                0x200001a4                received_data
 *(COMMON)
                0x200001ac                        . = ALIGN (0x4)
                0x200001ac                        _ebss = .

/DISCARD/
 *(.eh_frame)
                0x200001ac                        . = ALIGN (0x4)
                0x200001ac                        end = .
                0x20005000                        PROVIDE (_stack = (ORIGIN (ram) + LENGTH (ram)))
OUTPUT(stm32_Shifter elf32-littlearm)
LOAD linker stubs

.debug_info     0x00000000    0x17539
 .debug_info    0x00000000     0x24c2 obj/main.o
 .debug_info    0x000024c2      0x9cd obj/hwinit.o
 .debug_info    0x00002e8f      0x641 obj/stm32scheduler.o
 .debug_info    0x000034d0      0x8cf obj/params.o
 .debug_info    0x00003d9f     0x15ac obj/terminal.o
 .debug_info    0x0000534b      0x629 obj/terminal_prj.o
 .debug_info    0x00005974      0x3fb obj/digio.o
 .debug_info    0x00005d6f      0x752 obj/sine_core.o
 .debug_info    0x000064c1      0xb4a obj/printf.o
 .debug_info    0x0000700b      0x944 obj/anain.o
 .debug_info    0x0000794f      0x71b obj/param_save.o
 .debug_info    0x0000806a      0x47d obj/errormessage.o
 .debug_info    0x000084e7     0x14e3 obj/stm32_can.o
 .debug_info    0x000099ca      0x7e7 obj/canhardware.o
 .debug_info    0x0000a1b1     0x238c obj/canmap.o
 .debug_info    0x0000c53d     0x1a94 obj/terminalcommands.o
 .debug_info    0x0000dfd1      0x1b7 obj/CAN_Common.o
 .debug_info    0x0000e188      0x527 obj/mag_snsor.o
 .debug_info    0x0000e6af     0x1464 obj/cansdo.o
 .debug_info    0x0000fb13      0x397 libopencm3/lib\libopencm3_stm32f1.a(adc.o)
 .debug_info    0x0000feaa      0x888 libopencm3/lib\libopencm3_stm32f1.a(adc_common_v1.o)
 .debug_info    0x00010732      0xb22 libopencm3/lib\libopencm3_stm32f1.a(can.o)
 .debug_info    0x00011254      0x119 libopencm3/lib\libopencm3_stm32f1.a(crc_common_all.o)
 .debug_info    0x0001136d       0xe8 libopencm3/lib\libopencm3_stm32f1.a(desig_common_v1.o)
 .debug_info    0x00011455      0x781 libopencm3/lib\libopencm3_stm32f1.a(dma_common_l1f013.o)
 .debug_info    0x00011bd6      0x382 libopencm3/lib\libopencm3_stm32f1.a(flash.o)
 .debug_info    0x00011f58       0xf1 libopencm3/lib\libopencm3_stm32f1.a(flash_common_all.o)
 .debug_info    0x00012049       0xb9 libopencm3/lib\libopencm3_stm32f1.a(flash_common_f.o)
 .debug_info    0x00012102      0x201 libopencm3/lib\libopencm3_stm32f1.a(flash_common_f01.o)
 .debug_info    0x00012303      0x1fd libopencm3/lib\libopencm3_stm32f1.a(gpio.o)
 .debug_info    0x00012500      0x256 libopencm3/lib\libopencm3_stm32f1.a(gpio_common_all.o)
 .debug_info    0x00012756      0x177 libopencm3/lib\libopencm3_stm32f1.a(iwdg_common_all.o)
 .debug_info    0x000128cd     0x14d0 libopencm3/lib\libopencm3_stm32f1.a(rcc.o)
 .debug_info    0x00013d9d      0x60d libopencm3/lib\libopencm3_stm32f1.a(rcc_common_all.o)
 .debug_info    0x000143aa      0x6d1 libopencm3/lib\libopencm3_stm32f1.a(rtc.o)
 .debug_info    0x00014a7b      0x96c libopencm3/lib\libopencm3_stm32f1.a(spi_common_all.o)
 .debug_info    0x000153e7      0x155 libopencm3/lib\libopencm3_stm32f1.a(spi_common_v1.o)
 .debug_info    0x0001553c      0xff0 libopencm3/lib\libopencm3_stm32f1.a(timer_common_all.o)
 .debug_info    0x0001652c      0x569 libopencm3/lib\libopencm3_stm32f1.a(usart_common_all.o)
 .debug_info    0x00016a95      0x192 libopencm3/lib\libopencm3_stm32f1.a(usart_common_f124.o)
 .debug_info    0x00016c27      0x2c4 libopencm3/lib\libopencm3_stm32f1.a(vector.o)
 .debug_info    0x00016eeb       0xdb libopencm3/lib\libopencm3_stm32f1.a(scb.o)
 .debug_info    0x00016fc6      0x239 libopencm3/lib\libopencm3_stm32f1.a(nvic.o)
 .debug_info    0x000171ff      0x1a1 libopencm3/lib\libopencm3_stm32f1.a(pwr_common_v1.o)
 .debug_info    0x000173a0       0xca C:/msys64/mingw64/bin/../lib/gcc/arm-none-eabi/13.3.0/thumb/v7/nofp\libgcc.a(_arm_addsubsf3.o)
 .debug_info    0x0001746a       0x57 C:/msys64/mingw64/bin/../lib/gcc/arm-none-eabi/13.3.0/thumb/v7/nofp\libgcc.a(_arm_muldivsf3.o)
 .debug_info    0x000174c1       0x3c C:/msys64/mingw64/bin/../lib/gcc/arm-none-eabi/13.3.0/thumb/v7/nofp\libgcc.a(_arm_fixsfsi.o)
 .debug_info    0x000174fd       0x3c C:/msys64/mingw64/bin/../lib/gcc/arm-none-eabi/13.3.0/thumb/v7/nofp\libgcc.a(_arm_fixunssfsi.o)

.debug_abbrev   0x00000000     0x60be
 .debug_abbrev  0x00000000      0x76e obj/main.o
 .debug_abbrev  0x0000076e      0x214 obj/hwinit.o
 .debug_abbrev  0x00000982      0x27a obj/stm32scheduler.o
 .debug_abbrev  0x00000bfc      0x25c obj/params.o
 .debug_abbrev  0x00000e58      0x4d6 obj/terminal.o
 .debug_abbrev  0x0000132e      0x23d obj/terminal_prj.o
 .debug_abbrev  0x0000156b      0x1ff obj/digio.o
 .debug_abbrev  0x0000176a      0x274 obj/sine_core.o
 .debug_abbrev  0x000019de      0x384 obj/printf.o
 .debug_abbrev  0x00001d62      0x337 obj/anain.o
 .debug_abbrev  0x00002099      0x255 obj/param_save.o
 .debug_abbrev  0x000022ee      0x267 obj/errormessage.o
 .debug_abbrev  0x00002555      0x4ba obj/stm32_can.o
 .debug_abbrev  0x00002a0f      0x367 obj/canhardware.o
 .debug_abbrev  0x00002d76      0x6bd obj/canmap.o
 .debug_abbrev  0x00003433      0x3fa obj/terminalcommands.o
 .debug_abbrev  0x0000382d      0x155 obj/CAN_Common.o
 .debug_abbrev  0x00003982      0x242 obj/mag_snsor.o
 .debug_abbrev  0x00003bc4      0x53f obj/cansdo.o
 .debug_abbrev  0x00004103      0x195 libopencm3/lib\libopencm3_stm32f1.a(adc.o)
 .debug_abbrev  0x00004298      0x1ab libopencm3/lib\libopencm3_stm32f1.a(adc_common_v1.o)
 .debug_abbrev  0x00004443      0x2bd libopencm3/lib\libopencm3_stm32f1.a(can.o)
 .debug_abbrev  0x00004700       0xb6 libopencm3/lib\libopencm3_stm32f1.a(crc_common_all.o)
 .debug_abbrev  0x000047b6       0x8e libopencm3/lib\libopencm3_stm32f1.a(desig_common_v1.o)
 .debug_abbrev  0x00004844      0x168 libopencm3/lib\libopencm3_stm32f1.a(dma_common_l1f013.o)
 .debug_abbrev  0x000049ac      0x1a2 libopencm3/lib\libopencm3_stm32f1.a(flash.o)
 .debug_abbrev  0x00004b4e       0x96 libopencm3/lib\libopencm3_stm32f1.a(flash_common_all.o)
 .debug_abbrev  0x00004be4       0x56 libopencm3/lib\libopencm3_stm32f1.a(flash_common_f.o)
 .debug_abbrev  0x00004c3a       0xf5 libopencm3/lib\libopencm3_stm32f1.a(flash_common_f01.o)
 .debug_abbrev  0x00004d2f       0xd3 libopencm3/lib\libopencm3_stm32f1.a(gpio.o)
 .debug_abbrev  0x00004e02      0x115 libopencm3/lib\libopencm3_stm32f1.a(gpio_common_all.o)
 .debug_abbrev  0x00004f17      0x10e libopencm3/lib\libopencm3_stm32f1.a(iwdg_common_all.o)
 .debug_abbrev  0x00005025      0x2be libopencm3/lib\libopencm3_stm32f1.a(rcc.o)
 .debug_abbrev  0x000052e3      0x185 libopencm3/lib\libopencm3_stm32f1.a(rcc_common_all.o)
 .debug_abbrev  0x00005468      0x20e libopencm3/lib\libopencm3_stm32f1.a(rtc.o)
 .debug_abbrev  0x00005676      0x1e7 libopencm3/lib\libopencm3_stm32f1.a(spi_common_all.o)
 .debug_abbrev  0x0000585d       0xd3 libopencm3/lib\libopencm3_stm32f1.a(spi_common_v1.o)
 .debug_abbrev  0x00005930      0x1ae libopencm3/lib\libopencm3_stm32f1.a(timer_common_all.o)
 .debug_abbrev  0x00005ade      0x164 libopencm3/lib\libopencm3_stm32f1.a(usart_common_all.o)
 .debug_abbrev  0x00005c42       0xb6 libopencm3/lib\libopencm3_stm32f1.a(usart_common_f124.o)
 .debug_abbrev  0x00005cf8      0x149 libopencm3/lib\libopencm3_stm32f1.a(vector.o)
 .debug_abbrev  0x00005e41       0x88 libopencm3/lib\libopencm3_stm32f1.a(scb.o)
 .debug_abbrev  0x00005ec9       0xb6 libopencm3/lib\libopencm3_stm32f1.a(nvic.o)
 .debug_abbrev  0x00005f7f       0x9f libopencm3/lib\libopencm3_stm32f1.a(pwr_common_v1.o)
 .debug_abbrev  0x0000601e       0x28 C:/msys64/mingw64/bin/../lib/gcc/arm-none-eabi/13.3.0/thumb/v7/nofp\libgcc.a(_arm_addsubsf3.o)
 .debug_abbrev  0x00006046       0x28 C:/msys64/mingw64/bin/../lib/gcc/arm-none-eabi/13.3.0/thumb/v7/nofp\libgcc.a(_arm_muldivsf3.o)
 .debug_abbrev  0x0000606e       0x28 C:/msys64/mingw64/bin/../lib/gcc/arm-none-eabi/13.3.0/thumb/v7/nofp\libgcc.a(_arm_fixsfsi.o)
 .debug_abbrev  0x00006096       0x28 C:/msys64/mingw64/bin/../lib/gcc/arm-none-eabi/13.3.0/thumb/v7/nofp\libgcc.a(_arm_fixunssfsi.o)

.debug_loclists
                0x00000000     0x63e1
 .debug_loclists
                0x00000000      0x1a7 obj/main.o
 .debug_loclists
                0x000001a7       0x6b obj/hwinit.o
 .debug_loclists
                0x00000212      0x152 obj/stm32scheduler.o
 .debug_loclists
                0x00000364      0x308 obj/params.o
 .debug_loclists
                0x0000066c      0x535 obj/terminal.o
 .debug_loclists
                0x00000ba1       0xfb obj/terminal_prj.o
 .debug_loclists
                0x00000c9c      0x179 obj/digio.o
 .debug_loclists
                0x00000e15      0x362 obj/sine_core.o
 .debug_loclists
                0x00001177      0x5cd obj/printf.o
 .debug_loclists
                0x00001744      0x24a obj/anain.o
 .debug_loclists
                0x0000198e      0x118 obj/param_save.o
 .debug_loclists
                0x00001aa6       0x6d obj/errormessage.o
 .debug_loclists
                0x00001b13      0x35a obj/stm32_can.o
 .debug_loclists
                0x00001e6d      0x1c7 obj/canhardware.o
 .debug_loclists
                0x00002034     0x12f1 obj/canmap.o
 .debug_loclists
                0x00003325      0x981 obj/terminalcommands.o
 .debug_loclists
                0x00003ca6       0x17 obj/CAN_Common.o
 .debug_loclists
                0x00003cbd       0x4b obj/mag_snsor.o
 .debug_loclists
                0x00003d08      0x87c obj/cansdo.o
 .debug_loclists
                0x00004584      0x146 libopencm3/lib\libopencm3_stm32f1.a(adc.o)
 .debug_loclists
                0x000046ca      0x29b libopencm3/lib\libopencm3_stm32f1.a(adc_common_v1.o)
 .debug_loclists
                0x00004965      0x6e0 libopencm3/lib\libopencm3_stm32f1.a(can.o)
 .debug_loclists
                0x00005045       0x64 libopencm3/lib\libopencm3_stm32f1.a(crc_common_all.o)
 .debug_loclists
                0x000050a9       0x2b libopencm3/lib\libopencm3_stm32f1.a(desig_common_v1.o)
 .debug_loclists
                0x000050d4      0x4fa libopencm3/lib\libopencm3_stm32f1.a(dma_common_l1f013.o)
 .debug_loclists
                0x000055ce       0x76 libopencm3/lib\libopencm3_stm32f1.a(flash.o)
 .debug_loclists
                0x00005644       0x17 libopencm3/lib\libopencm3_stm32f1.a(flash_common_all.o)
 .debug_loclists
                0x0000565b       0x86 libopencm3/lib\libopencm3_stm32f1.a(flash_common_f01.o)
 .debug_loclists
                0x000056e1       0xfd libopencm3/lib\libopencm3_stm32f1.a(gpio.o)
 .debug_loclists
                0x000057de       0x7e libopencm3/lib\libopencm3_stm32f1.a(gpio_common_all.o)
 .debug_loclists
                0x0000585c       0x88 libopencm3/lib\libopencm3_stm32f1.a(iwdg_common_all.o)
 .debug_loclists
                0x000058e4      0x256 libopencm3/lib\libopencm3_stm32f1.a(rcc.o)
 .debug_loclists
                0x00005b3a       0x68 libopencm3/lib\libopencm3_stm32f1.a(rcc_common_all.o)
 .debug_loclists
                0x00005ba2      0x182 libopencm3/lib\libopencm3_stm32f1.a(rtc.o)
 .debug_loclists
                0x00005d24      0x122 libopencm3/lib\libopencm3_stm32f1.a(spi_common_all.o)
 .debug_loclists
                0x00005e46       0xbd libopencm3/lib\libopencm3_stm32f1.a(spi_common_v1.o)
 .debug_loclists
                0x00005f03      0x1db libopencm3/lib\libopencm3_stm32f1.a(timer_common_all.o)
 .debug_loclists
                0x000060de       0xe8 libopencm3/lib\libopencm3_stm32f1.a(usart_common_all.o)
 .debug_loclists
                0x000061c6       0x67 libopencm3/lib\libopencm3_stm32f1.a(usart_common_f124.o)
 .debug_loclists
                0x0000622d       0xb6 libopencm3/lib\libopencm3_stm32f1.a(vector.o)
 .debug_loclists
                0x000062e3       0x23 libopencm3/lib\libopencm3_stm32f1.a(scb.o)
 .debug_loclists
                0x00006306       0xdb libopencm3/lib\libopencm3_stm32f1.a(nvic.o)

.debug_aranges  0x00000000     0x16c0
 .debug_aranges
                0x00000000       0x90 obj/main.o
 .debug_aranges
                0x00000090       0x40 obj/hwinit.o
 .debug_aranges
                0x000000d0       0x38 obj/stm32scheduler.o
 .debug_aranges
                0x00000108       0xa8 obj/params.o
 .debug_aranges
                0x000001b0       0x98 obj/terminal.o
 .debug_aranges
                0x00000248       0x40 obj/terminal_prj.o
 .debug_aranges
                0x00000288       0x20 obj/digio.o
 .debug_aranges
                0x000002a8       0x80 obj/sine_core.o
 .debug_aranges
                0x00000328       0x60 obj/printf.o
 .debug_aranges
                0x00000388       0x50 obj/anain.o
 .debug_aranges
                0x000003d8       0x30 obj/param_save.o
 .debug_aranges
                0x00000408       0x50 obj/errormessage.o
 .debug_aranges
                0x00000458       0x98 obj/stm32_can.o
 .debug_aranges
                0x000004f0       0x50 obj/canhardware.o
 .debug_aranges
                0x00000540       0xe0 obj/canmap.o
 .debug_aranges
                0x00000620       0x78 obj/terminalcommands.o
 .debug_aranges
                0x00000698       0x38 obj/CAN_Common.o
 .debug_aranges
                0x000006d0       0x20 obj/mag_snsor.o
 .debug_aranges
                0x000006f0       0x88 obj/cansdo.o
 .debug_aranges
                0x00000778       0x98 libopencm3/lib\libopencm3_stm32f1.a(adc.o)
 .debug_aranges
                0x00000810      0x158 libopencm3/lib\libopencm3_stm32f1.a(adc_common_v1.o)
 .debug_aranges
                0x00000968       0x88 libopencm3/lib\libopencm3_stm32f1.a(can.o)
 .debug_aranges
                0x000009f0       0x30 libopencm3/lib\libopencm3_stm32f1.a(crc_common_all.o)
 .debug_aranges
                0x00000a20       0x28 libopencm3/lib\libopencm3_stm32f1.a(desig_common_v1.o)
 .debug_aranges
                0x00000a48       0xe8 libopencm3/lib\libopencm3_stm32f1.a(dma_common_l1f013.o)
 .debug_aranges
                0x00000b30       0x80 libopencm3/lib\libopencm3_stm32f1.a(flash.o)
 .debug_aranges
                0x00000bb0       0x38 libopencm3/lib\libopencm3_stm32f1.a(flash_common_all.o)
 .debug_aranges
                0x00000be8       0x30 libopencm3/lib\libopencm3_stm32f1.a(flash_common_f.o)
 .debug_aranges
                0x00000c18       0x48 libopencm3/lib\libopencm3_stm32f1.a(flash_common_f01.o)
 .debug_aranges
                0x00000c60       0x38 libopencm3/lib\libopencm3_stm32f1.a(gpio.o)
 .debug_aranges
                0x00000c98       0x50 libopencm3/lib\libopencm3_stm32f1.a(gpio_common_all.o)
 .debug_aranges
                0x00000ce8       0x40 libopencm3/lib\libopencm3_stm32f1.a(iwdg_common_all.o)
 .debug_aranges
                0x00000d28      0x170 libopencm3/lib\libopencm3_stm32f1.a(rcc.o)
 .debug_aranges
                0x00000e98       0x80 libopencm3/lib\libopencm3_stm32f1.a(rcc_common_all.o)
 .debug_aranges
                0x00000f18       0xa0 libopencm3/lib\libopencm3_stm32f1.a(rtc.o)
 .debug_aranges
                0x00000fb8      0x178 libopencm3/lib\libopencm3_stm32f1.a(spi_common_all.o)
 .debug_aranges
                0x00001130       0x30 libopencm3/lib\libopencm3_stm32f1.a(spi_common_v1.o)
 .debug_aranges
                0x00001160      0x278 libopencm3/lib\libopencm3_stm32f1.a(timer_common_all.o)
 .debug_aranges
                0x000013d8       0xd8 libopencm3/lib\libopencm3_stm32f1.a(usart_common_all.o)
 .debug_aranges
                0x000014b0       0x40 libopencm3/lib\libopencm3_stm32f1.a(usart_common_f124.o)
 .debug_aranges
                0x000014f0       0x30 libopencm3/lib\libopencm3_stm32f1.a(vector.o)
 .debug_aranges
                0x00001520       0x30 libopencm3/lib\libopencm3_stm32f1.a(scb.o)
 .debug_aranges
                0x00001550       0x60 libopencm3/lib\libopencm3_stm32f1.a(nvic.o)
 .debug_aranges
                0x000015b0       0x90 libopencm3/lib\libopencm3_stm32f1.a(pwr_common_v1.o)
 .debug_aranges
                0x00001640       0x20 C:/msys64/mingw64/bin/../lib/gcc/arm-none-eabi/13.3.0/thumb/v7/nofp\libgcc.a(_arm_addsubsf3.o)
 .debug_aranges
                0x00001660       0x20 C:/msys64/mingw64/bin/../lib/gcc/arm-none-eabi/13.3.0/thumb/v7/nofp\libgcc.a(_arm_muldivsf3.o)
 .debug_aranges
                0x00001680       0x20 C:/msys64/mingw64/bin/../lib/gcc/arm-none-eabi/13.3.0/thumb/v7/nofp\libgcc.a(_arm_fixsfsi.o)
 .debug_aranges
                0x000016a0       0x20 C:/msys64/mingw64/bin/../lib/gcc/arm-none-eabi/13.3.0/thumb/v7/nofp\libgcc.a(_arm_fixunssfsi.o)

.debug_rnglists
                0x00000000     0x1308
 .debug_rnglists
                0x00000000       0x9e obj/main.o
 .debug_rnglists
                0x0000009e       0x2c obj/hwinit.o
 .debug_rnglists
                0x000000ca       0x3d obj/stm32scheduler.o
 .debug_rnglists
                0x00000107       0x9d obj/params.o
 .debug_rnglists
                0x000001a4       0x7f obj/terminal.o
 .debug_rnglists
                0x00000223       0x2b obj/terminal_prj.o
 .debug_rnglists
                0x0000024e       0x13 obj/digio.o
 .debug_rnglists
                0x00000261       0x5d obj/sine_core.o
 .debug_rnglists
                0x000002be       0x55 obj/printf.o
 .debug_rnglists
                0x00000313       0x38 obj/anain.o
 .debug_rnglists
                0x0000034b       0x38 obj/param_save.o
 .debug_rnglists
                0x00000383       0x43 obj/errormessage.o
 .debug_rnglists
                0x000003c6       0x7c obj/stm32_can.o
 .debug_rnglists
                0x00000442       0x37 obj/canhardware.o
 .debug_rnglists
                0x00000479      0x20f obj/canmap.o
 .debug_rnglists
                0x00000688       0xc0 obj/terminalcommands.o
 .debug_rnglists
                0x00000748       0x25 obj/CAN_Common.o
 .debug_rnglists
                0x0000076d       0x14 obj/mag_snsor.o
 .debug_rnglists
                0x00000781       0x8a obj/cansdo.o
 .debug_rnglists
                0x0000080b       0x6d libopencm3/lib\libopencm3_stm32f1.a(adc.o)
 .debug_rnglists
                0x00000878       0xfd libopencm3/lib\libopencm3_stm32f1.a(adc_common_v1.o)
 .debug_rnglists
                0x00000975       0x65 libopencm3/lib\libopencm3_stm32f1.a(can.o)
 .debug_rnglists
                0x000009da       0x1f libopencm3/lib\libopencm3_stm32f1.a(crc_common_all.o)
 .debug_rnglists
                0x000009f9       0x19 libopencm3/lib\libopencm3_stm32f1.a(desig_common_v1.o)
 .debug_rnglists
                0x00000a12       0xa9 libopencm3/lib\libopencm3_stm32f1.a(dma_common_l1f013.o)
 .debug_rnglists
                0x00000abb       0x5c libopencm3/lib\libopencm3_stm32f1.a(flash.o)
 .debug_rnglists
                0x00000b17       0x25 libopencm3/lib\libopencm3_stm32f1.a(flash_common_all.o)
 .debug_rnglists
                0x00000b3c       0x1f libopencm3/lib\libopencm3_stm32f1.a(flash_common_f.o)
 .debug_rnglists
                0x00000b5b       0x31 libopencm3/lib\libopencm3_stm32f1.a(flash_common_f01.o)
 .debug_rnglists
                0x00000b8c       0x25 libopencm3/lib\libopencm3_stm32f1.a(gpio.o)
 .debug_rnglists
                0x00000bb1       0x37 libopencm3/lib\libopencm3_stm32f1.a(gpio_common_all.o)
 .debug_rnglists
                0x00000be8       0x37 libopencm3/lib\libopencm3_stm32f1.a(iwdg_common_all.o)
 .debug_rnglists
                0x00000c1f      0x160 libopencm3/lib\libopencm3_stm32f1.a(rcc.o)
 .debug_rnglists
                0x00000d7f       0x5b libopencm3/lib\libopencm3_stm32f1.a(rcc_common_all.o)
 .debug_rnglists
                0x00000dda       0x73 libopencm3/lib\libopencm3_stm32f1.a(rtc.o)
 .debug_rnglists
                0x00000e4d      0x115 libopencm3/lib\libopencm3_stm32f1.a(spi_common_all.o)
 .debug_rnglists
                0x00000f62       0x1f libopencm3/lib\libopencm3_stm32f1.a(spi_common_v1.o)
 .debug_rnglists
                0x00000f81      0x1d6 libopencm3/lib\libopencm3_stm32f1.a(timer_common_all.o)
 .debug_rnglists
                0x00001157       0x9d libopencm3/lib\libopencm3_stm32f1.a(usart_common_all.o)
 .debug_rnglists
                0x000011f4       0x2b libopencm3/lib\libopencm3_stm32f1.a(usart_common_f124.o)
 .debug_rnglists
                0x0000121f       0x20 libopencm3/lib\libopencm3_stm32f1.a(vector.o)
 .debug_rnglists
                0x0000123f       0x1f libopencm3/lib\libopencm3_stm32f1.a(scb.o)
 .debug_rnglists
                0x0000125e       0x43 libopencm3/lib\libopencm3_stm32f1.a(nvic.o)
 .debug_rnglists
                0x000012a1       0x67 libopencm3/lib\libopencm3_stm32f1.a(pwr_common_v1.o)

.debug_macro    0x00000000     0xa9fa
 .debug_macro   0x00000000      0x2a1 obj/main.o
 .debug_macro   0x000002a1      0xb62 obj/main.o
 .debug_macro   0x00000e03       0x1c obj/main.o
 .debug_macro   0x00000e1f       0x22 obj/main.o
 .debug_macro   0x00000e41       0x56 obj/main.o
 .debug_macro   0x00000e97       0x51 obj/main.o
 .debug_macro   0x00000ee8      0x103 obj/main.o
 .debug_macro   0x00000feb       0x6a obj/main.o
 .debug_macro   0x00001055      0x1df obj/main.o
 .debug_macro   0x00001234       0x1c obj/main.o
 .debug_macro   0x00001250       0x16 obj/main.o
 .debug_macro   0x00001266       0xe8 obj/main.o
 .debug_macro   0x0000134e       0x76 obj/main.o
 .debug_macro   0x000013c4      0x1b4 obj/main.o
 .debug_macro   0x00001578       0x94 obj/main.o
 .debug_macro   0x0000160c      0x29e obj/main.o
 .debug_macro   0x000018aa      0xf8f obj/main.o
 .debug_macro   0x00002839       0x8e obj/main.o
 .debug_macro   0x000028c7      0x8c6 obj/main.o
 .debug_macro   0x0000318d       0x76 obj/main.o
 .debug_macro   0x00003203      0x519 obj/main.o
 .debug_macro   0x0000371c       0x70 obj/main.o
 .debug_macro   0x0000378c       0x16 obj/main.o
 .debug_macro   0x000037a2       0x2e obj/main.o
 .debug_macro   0x000037d0       0x58 obj/main.o
 .debug_macro   0x00003828       0x28 obj/main.o
 .debug_macro   0x00003850       0x34 obj/main.o
 .debug_macro   0x00003884       0x10 obj/main.o
 .debug_macro   0x00003894       0x3a obj/main.o
 .debug_macro   0x000038ce       0x76 obj/main.o
 .debug_macro   0x00003944      0xe04 obj/main.o
 .debug_macro   0x00004748       0x1c obj/main.o
 .debug_macro   0x00004764      0x2eb obj/main.o
 .debug_macro   0x00004a4f       0x16 obj/main.o
 .debug_macro   0x00004a65       0x1c obj/main.o
 .debug_macro   0x00004a81       0x28 obj/main.o
 .debug_macro   0x00004aa9       0x46 obj/main.o
 .debug_macro   0x00004aef       0x16 obj/main.o
 .debug_macro   0x00004b05       0x10 obj/main.o
 .debug_macro   0x00004b15      0x269 obj/hwinit.o
 .debug_macro   0x00004d7e       0x68 obj/hwinit.o
 .debug_macro   0x00004de6      0x1a2 obj/hwinit.o
 .debug_macro   0x00004f88      0x39b obj/hwinit.o
 .debug_macro   0x00005323      0x1ba obj/hwinit.o
 .debug_macro   0x000054dd      0x449 obj/hwinit.o
 .debug_macro   0x00005926      0x456 obj/hwinit.o
 .debug_macro   0x00005d7c      0x4f5 obj/hwinit.o
 .debug_macro   0x00006271       0x1c obj/hwinit.o
 .debug_macro   0x0000628d       0xee obj/hwinit.o
 .debug_macro   0x0000637b       0x82 obj/hwinit.o
 .debug_macro   0x000063fd       0x2e obj/hwinit.o
 .debug_macro   0x0000642b       0x1c obj/hwinit.o
 .debug_macro   0x00006447       0xe0 obj/stm32scheduler.o
 .debug_macro   0x00006527      0x152 obj/params.o
 .debug_macro   0x00006679       0x52 obj/params.o
 .debug_macro   0x000066cb      0x126 obj/terminal.o
 .debug_macro   0x000067f1      0x137 obj/terminal_prj.o
 .debug_macro   0x00006928       0xfd obj/digio.o
 .debug_macro   0x00006a25       0xb0 obj/sine_core.o
 .debug_macro   0x00006ad5       0x16 obj/sine_core.o
 .debug_macro   0x00006aeb       0x9b obj/printf.o
 .debug_macro   0x00006b86       0x58 obj/printf.o
 .debug_macro   0x00006bde      0x13e obj/anain.o
 .debug_macro   0x00006d1c       0x16 obj/anain.o
 .debug_macro   0x00006d32      0x12f obj/param_save.o
 .debug_macro   0x00006e61       0xb0 obj/errormessage.o
 .debug_macro   0x00006f11      0x17f obj/stm32_can.o
 .debug_macro   0x00007090      0x513 obj/stm32_can.o
 .debug_macro   0x000075a3       0x6e obj/stm32_can.o
 .debug_macro   0x00007611       0x77 obj/canhardware.o
 .debug_macro   0x00007688       0x10 obj/canhardware.o
 .debug_macro   0x00007698      0x17c obj/canmap.o
 .debug_macro   0x00007814      0x13f obj/terminalcommands.o
 .debug_macro   0x00007953      0x395 obj/terminalcommands.o
 .debug_macro   0x00007ce8       0x1f obj/terminalcommands.o
 .debug_macro   0x00007d07      0x131 obj/CAN_Common.o
 .debug_macro   0x00007e38      0x136 obj/mag_snsor.o
 .debug_macro   0x00007f6e      0x1dc obj/cansdo.o
 .debug_macro   0x0000814a       0x3a obj/cansdo.o
 .debug_macro   0x00008184       0xb8 libopencm3/lib\libopencm3_stm32f1.a(adc.o)
 .debug_macro   0x0000823c      0xa9c libopencm3/lib\libopencm3_stm32f1.a(adc.o)
 .debug_macro   0x00008cd8       0x1c libopencm3/lib\libopencm3_stm32f1.a(adc.o)
 .debug_macro   0x00008cf4       0x22 libopencm3/lib\libopencm3_stm32f1.a(adc.o)
 .debug_macro   0x00008d16       0x56 libopencm3/lib\libopencm3_stm32f1.a(adc.o)
 .debug_macro   0x00008d6c       0x22 libopencm3/lib\libopencm3_stm32f1.a(adc.o)
 .debug_macro   0x00008d8e       0xb8 libopencm3/lib\libopencm3_stm32f1.a(adc_common_v1.o)
 .debug_macro   0x00008e46       0xc9 libopencm3/lib\libopencm3_stm32f1.a(can.o)
 .debug_macro   0x00008f0f       0xb3 libopencm3/lib\libopencm3_stm32f1.a(crc_common_all.o)
 .debug_macro   0x00008fc2       0xa6 libopencm3/lib\libopencm3_stm32f1.a(desig_common_v1.o)
 .debug_macro   0x00009068       0xb3 libopencm3/lib\libopencm3_stm32f1.a(dma_common_l1f013.o)
 .debug_macro   0x0000911b       0xca libopencm3/lib\libopencm3_stm32f1.a(flash.o)
 .debug_macro   0x000091e5       0xc0 libopencm3/lib\libopencm3_stm32f1.a(flash_common_all.o)